Archive member included to satisfy reference by file (symbol)

C:\Users\Danish\AppData\Local\arduino\cores\398493dfa1eccccc0a5e5b56b53f8687\core.a(main.cpp.o)
                              C:/Users/Danish/AppData/Local/Arduino15/packages/STMicroelectronics/tools/xpack-arm-none-eabi-gcc/14.2.1-1.1/bin/../lib/gcc/arm-none-eabi/14.2.1/../../../../arm-none-eabi/lib/thumb/v7e-m+fp/hard/crt0.o (main)
C:\Users\Danish\AppData\Local\arduino\cores\398493dfa1eccccc0a5e5b56b53f8687\core.a(startup_stm32yyxx.S.o)
                              (Reset_Handler)
C:\Users\Danish\AppData\Local\arduino\cores\398493dfa1eccccc0a5e5b56b53f8687\core.a(WSerial.cpp.o)
                              main.cpp.o (symbol from plugin) (serialEventRun())
C:\Users\Danish\AppData\Local\arduino\cores\398493dfa1eccccc0a5e5b56b53f8687\core.a(HardwareSerial.cpp.o)
                              WSerial.cpp.o (symbol from plugin) (HardwareSerial::available())
C:\Users\Danish\AppData\Local\arduino\cores\398493dfa1eccccc0a5e5b56b53f8687\core.a(Stream.cpp.o)
                              HardwareSerial.cpp.o (symbol from plugin) (Stream::readBytes(char*, unsigned int))
C:\Users\Danish\AppData\Local\arduino\cores\398493dfa1eccccc0a5e5b56b53f8687\core.a(WString.cpp.o)
                              Stream.cpp.o (symbol from plugin) (String::String(char const*))
C:\Users\Danish\AppData\Local\arduino\cores\398493dfa1eccccc0a5e5b56b53f8687\core.a(dtostrf.c.o)
                              WString.cpp.o (symbol from plugin) (dtostrf)
C:\Users\Danish\AppData\Local\arduino\cores\398493dfa1eccccc0a5e5b56b53f8687\core.a(itoa.c.o)
                              WString.cpp.o (symbol from plugin) (ltoa)
C:\Users\Danish\AppData\Local\arduino\cores\398493dfa1eccccc0a5e5b56b53f8687\core.a(wiring_time.c.o)
                              Stream.cpp.o (symbol from plugin) (millis)
C:\Users\Danish\AppData\Local\arduino\cores\398493dfa1eccccc0a5e5b56b53f8687\core.a(Print.cpp.o)
                              Stream.cpp.o (symbol from plugin) (Print::write(unsigned char const*, unsigned int))
C:\Users\Danish\AppData\Local\arduino\cores\398493dfa1eccccc0a5e5b56b53f8687\core.a(hooks.c.o)
                              wiring_time.c.o (symbol from plugin) (yield)
C:/Users/Danish/AppData/Local/Arduino15/packages/STMicroelectronics/tools/xpack-arm-none-eabi-gcc/14.2.1-1.1/bin/../lib/gcc/arm-none-eabi/14.2.1/../../../../arm-none-eabi/lib/thumb/v7e-m+fp/hard\libc_nano.a(libc_a-atexit.o)
                              C:/Users/Danish/AppData/Local/Arduino15/packages/STMicroelectronics/tools/xpack-arm-none-eabi-gcc/14.2.1-1.1/bin/../lib/gcc/arm-none-eabi/14.2.1/../../../../arm-none-eabi/lib/thumb/v7e-m+fp/hard/crt0.o (atexit)
C:/Users/Danish/AppData/Local/Arduino15/packages/STMicroelectronics/tools/xpack-arm-none-eabi-gcc/14.2.1-1.1/bin/../lib/gcc/arm-none-eabi/14.2.1/../../../../arm-none-eabi/lib/thumb/v7e-m+fp/hard\libc_nano.a(libc_a-atof.o)
                              WString.cpp.o (symbol from plugin) (atof)
C:/Users/Danish/AppData/Local/Arduino15/packages/STMicroelectronics/tools/xpack-arm-none-eabi-gcc/14.2.1-1.1/bin/../lib/gcc/arm-none-eabi/14.2.1/../../../../arm-none-eabi/lib/thumb/v7e-m+fp/hard\libc_nano.a(libc_a-atol.o)
                              WString.cpp.o (symbol from plugin) (atol)
C:/Users/Danish/AppData/Local/Arduino15/packages/STMicroelectronics/tools/xpack-arm-none-eabi-gcc/14.2.1-1.1/bin/../lib/gcc/arm-none-eabi/14.2.1/../../../../arm-none-eabi/lib/thumb/v7e-m+fp/hard\libc_nano.a(libc_a-exit.o)
                              C:/Users/Danish/AppData/Local/Arduino15/packages/STMicroelectronics/tools/xpack-arm-none-eabi-gcc/14.2.1-1.1/bin/../lib/gcc/arm-none-eabi/14.2.1/../../../../arm-none-eabi/lib/thumb/v7e-m+fp/hard/crt0.o (exit)
C:/Users/Danish/AppData/Local/Arduino15/packages/STMicroelectronics/tools/xpack-arm-none-eabi-gcc/14.2.1-1.1/bin/../lib/gcc/arm-none-eabi/14.2.1/../../../../arm-none-eabi/lib/thumb/v7e-m+fp/hard\libc_nano.a(libc_a-strtod.o)
                              C:/Users/Danish/AppData/Local/Arduino15/packages/STMicroelectronics/tools/xpack-arm-none-eabi-gcc/14.2.1-1.1/bin/../lib/gcc/arm-none-eabi/14.2.1/../../../../arm-none-eabi/lib/thumb/v7e-m+fp/hard\libc_nano.a(libc_a-atof.o) (strtod)
C:/Users/Danish/AppData/Local/Arduino15/packages/STMicroelectronics/tools/xpack-arm-none-eabi-gcc/14.2.1-1.1/bin/../lib/gcc/arm-none-eabi/14.2.1/../../../../arm-none-eabi/lib/thumb/v7e-m+fp/hard\libc_nano.a(libc_a-strtol.o)
                              C:/Users/Danish/AppData/Local/Arduino15/packages/STMicroelectronics/tools/xpack-arm-none-eabi-gcc/14.2.1-1.1/bin/../lib/gcc/arm-none-eabi/14.2.1/../../../../arm-none-eabi/lib/thumb/v7e-m+fp/hard\libc_nano.a(libc_a-atol.o) (_strtol_r)
C:/Users/Danish/AppData/Local/Arduino15/packages/STMicroelectronics/tools/xpack-arm-none-eabi-gcc/14.2.1-1.1/bin/../lib/gcc/arm-none-eabi/14.2.1/../../../../arm-none-eabi/lib/thumb/v7e-m+fp/hard\libc_nano.a(libc_a-ctype_.o)
[...]
Memory Configuration

Name             Origin             Length             Attributes
*default*        0x00000000         0xffffffff
CCMRAM           0x10000000         0x00010000         xrw
RAM              0x20000000         0x00020000         xrw
FLASH            0x08000000         0x00100000         xr

Linker script and memory map

START GROUP
LOAD C:\Users\Danish\AppData\Local\arduino\sketches\3BB409F85BB5789A4E74F8381CE124BA\sketch\periph_test.ino.cpp.o
LOAD C:\Users\Danish\AppData\Local\Temp\ccc2D9Ye.ltrans0.ltrans.o
LOAD C:\Users\Danish\AppData\Local\arduino\sketches\3BB409F85BB5789A4E74F8381CE124BA\sketch\requiredLibraries.cpp.o
LOAD C:\Users\Danish\AppData\Local\arduino\sketches\3BB409F85BB5789A4E74F8381CE124BA\libraries\SrcWrapper\HAL\stm32yyxx_hal.c.o
LOAD C:\Users\Danish\AppData\Local\arduino\sketches\3BB409F85BB5789A4E74F8381CE124BA\libraries\SrcWrapper\HAL\stm32yyxx_hal_adc.c.o
LOAD C:\Users\Danish\AppData\Local\arduino\sketches\3BB409F85BB5789A4E74F8381CE124BA\libraries\SrcWrapper\HAL\stm32yyxx_hal_adc_ex.c.o
LOAD C:\Users\Danish\AppData\Local\arduino\sketches\3BB409F85BB5789A4E74F8381CE124BA\libraries\SrcWrapper\HAL\stm32yyxx_hal_can.c.o
LOAD C:\Users\Danish\AppData\Local\arduino\sketches\3BB409F85BB5789A4E74F8381CE124BA\libraries\SrcWrapper\HAL\stm32yyxx_hal_ccb.c.o
LOAD C:\Users\Danish\AppData\Local\arduino\sketches\3BB409F85BB5789A4E74F8381CE124BA\libraries\SrcWrapper\HAL\stm32yyxx_hal_cec.c.o
LOAD C:\Users\Danish\AppData\Local\arduino\sketches\3BB409F85BB5789A4E74F8381CE124BA\libraries\SrcWrapper\HAL\stm32yyxx_hal_comp.c.o
LOAD C:\Users\Danish\AppData\Local\arduino\sketches\3BB409F85BB5789A4E74F8381CE124BA\libraries\SrcWrapper\HAL\stm32yyxx_hal_comp_ex.c.o
LOAD C:\Users\Danish\AppData\Local\arduino\sketches\3BB409F85BB5789A4E74F8381CE124BA\libraries\SrcWrapper\HAL\stm32yyxx_hal_cordic.c.o
LOAD C:\Users\Danish\AppData\Local\arduino\sketches\3BB409F85BB5789A4E74F8381CE124BA\libraries\SrcWrapper\HAL\stm32yyxx_hal_cortex.c.o
LOAD C:\Users\Danish\AppData\Local\arduino\sketches\3BB409F85BB5789A4E74F8381CE124BA\libraries\SrcWrapper\HAL\stm32yyxx_hal_crc.c.o
LOAD C:\Users\Danish\AppData\Local\arduino\sketches\3BB409F85BB5789A4E74F8381CE124BA\libraries\SrcWrapper\HAL\stm32yyxx_hal_crc_ex.c.o
LOAD C:\Users\Danish\AppData\Local\arduino\sketches\3BB409F85BB5789A4E74F8381CE124BA\libraries\SrcWrapper\HAL\stm32yyxx_hal_cryp.c.o
LOAD C:\Users\Danish\AppData\Local\arduino\sketches\3BB409F85BB5789A4E74F8381CE124BA\libraries\SrcWrapper\HAL\stm32yyxx_hal_cryp_ex.c.o
LOAD C:\Users\Danish\AppData\Local\arduino\sketches\3BB409F85BB5789A4E74F8381CE124BA\libraries\SrcWrapper\HAL\stm32yyxx_hal_dac.c.o
LOAD C:\Users\Danish\AppData\Local\arduino\sketches\3BB409F85BB5789A4E74F8381CE124BA\libraries\SrcWrapper\HAL\stm32yyxx_hal_dac_ex.c.o
LOAD C:\Users\Danish\AppData\Local\arduino\sketches\3BB409F85BB5789A4E74F8381CE124BA\libraries\SrcWrapper\HAL\stm32yyxx_hal_dcache.c.o
LOAD C:\Users\Danish\AppData\Local\arduino\sketches\3BB409F85BB5789A4E74F8381CE124BA\libraries\SrcWrapper\HAL\stm32yyxx_hal_dcmi.c.o
LOAD C:\Users\Danish\AppData\Local\arduino\sketches\3BB409F85BB5789A4E74F8381CE124BA\libraries\SrcWrapper\HAL\stm32yyxx_hal_dcmi_ex.c.o
LOAD C:\Users\Danish\AppData\Local\arduino\sketches\3BB409F85BB5789A4E74F8381CE124BA\libraries\SrcWrapper\HAL\stm32yyxx_hal_dfsdm.c.o
LOAD C:\Users\Danish\AppData\Local\arduino\sketches\3BB409F85BB5789A4E74F8381CE124BA\libraries\SrcWrapper\HAL\stm32yyxx_hal_dfsdm_ex.c.o
LOAD C:\Users\Danish\AppData\Local\arduino\sketches\3BB409F85BB5789A4E74F8381CE124BA\libraries\SrcWrapper\HAL\stm32yyxx_hal_dma.c.o
LOAD C:\Users\Danish\AppData\Local\arduino\sketches\3BB409F85BB5789A4E74F8381CE124BA\libraries\SrcWrapper\HAL\stm32yyxx_hal_dma2d.c.o
LOAD C:\Users\Danish\AppData\Local\arduino\sketches\3BB409F85BB5789A4E74F8381CE124BA\libraries\SrcWrapper\HAL\stm32yyxx_hal_dma_ex.c.o
LOAD C:\Users\Danish\AppData\Local\arduino\sketches\3BB409F85BB5789A4E74F8381CE124BA\libraries\SrcWrapper\HAL\stm32yyxx_hal_dsi.c.o
LOAD C:\Users\Danish\AppData\Local\arduino\sketches\3BB409F85BB5789A4E74F8381CE124BA\libraries\SrcWrapper\HAL\stm32yyxx_hal_dts.c.o
LOAD C:\Users\Danish\AppData\Local\arduino\sketches\3BB409F85BB5789A4E74F8381CE124BA\libraries\SrcWrapper\HAL\stm32yyxx_hal_eth.c.o
LOAD C:\Users\Danish\AppData\Local\arduino\sketches\3BB409F85BB5789A4E74F8381CE124BA\libraries\SrcWrapper\HAL\stm32yyxx_hal_eth_ex.c.o
LOAD C:\Users\Danish\AppData\Local\arduino\sketches\3BB409F85BB5789A4E74F8381CE124BA\libraries\SrcWrapper\HAL\stm32yyxx_hal_exti.c.o
LOAD C:\Users\Danish\AppData\Local\arduino\sketches\3BB409F85BB5789A4E74F8381CE124BA\libraries\SrcWrapper\HAL\stm32yyxx_hal_fdcan.c.o
LOAD C:\Users\Danish\AppData\Local\arduino\sketches\3BB409F85BB5789A4E74F8381CE124BA\libraries\SrcWrapper\HAL\stm32yyxx_hal_firewall.c.o
LOAD C:\Users\Danish\AppData\Local\arduino\sketches\3BB409F85BB5789A4E74F8381CE124BA\libraries\SrcWrapper\HAL\stm32yyxx_hal_flash.c.o
LOAD C:\Users\Danish\AppData\Local\arduino\sketches\3BB409F85BB5789A4E74F8381CE124BA\libraries\SrcWrapper\HAL\stm32yyxx_hal_flash_ex.c.o
LOAD C:\Users\Danish\AppData\Local\arduino\sketches\3BB409F85BB5789A4E74F8381CE124BA\libraries\SrcWrapper\HAL\stm32yyxx_hal_flash_ramfunc.c.o
LOAD C:\Users\Danish\AppData\Local\arduino\sketches\3BB409F85BB5789A4E74F8381CE124BA\libraries\SrcWrapper\HAL\stm32yyxx_hal_fmac.c.o
LOAD C:\Users\Danish\AppData\Local\arduino\sketches\3BB409F85BB5789A4E74F8381CE124BA\libraries\SrcWrapper\HAL\stm32yyxx_hal_fmpi2c.c.o
LOAD C:\Users\Danish\AppData\Local\arduino\sketches\3BB409F85BB5789A4E74F8381CE124BA\libraries\SrcWrapper\HAL\stm32yyxx_hal_fmpi2c_ex.c.o
LOAD C:\Users\Danish\AppData\Local\arduino\sketches\3BB409F85BB5789A4E74F8381CE124BA\libraries\SrcWrapper\HAL\stm32yyxx_hal_fmpsmbus.c.o
LOAD C:\Users\Danish\AppData\Local\arduino\sketches\3BB409F85BB5789A4E74F8381CE124BA\libraries\SrcWrapper\HAL\stm32yyxx_hal_fmpsmbus_ex.c.o
LOAD C:\Users\Danish\AppData\Local\arduino\sketches\3BB409F85BB5789A4E74F8381CE124BA\libraries\SrcWrapper\HAL\stm32yyxx_hal_gfxmmu.c.o
LOAD C:\Users\Danish\AppData\Local\arduino\sketches\3BB409F85BB5789A4E74F8381CE124BA\libraries\SrcWrapper\HAL\stm32yyxx_hal_gfxtim.c.o
LOAD C:\Users\Danish\AppData\Local\arduino\sketches\3BB409F85BB5789A4E74F8381CE124BA\libraries\SrcWrapper\HAL\stm32yyxx_hal_gpio.c.o
LOAD C:\Users\Danish\AppData\Local\arduino\sketches\3BB409F85BB5789A4E74F8381CE124BA\libraries\SrcWrapper\HAL\stm32yyxx_hal_gpio_ex.c.o
LOAD C:\Users\Danish\AppData\Local\arduino\sketches\3BB409F85BB5789A4E74F8381CE124BA\libraries\SrcWrapper\HAL\stm32yyxx_hal_gpu2d.c.o
LOAD C:\Users\Danish\AppData\Local\arduino\sketches\3BB409F85BB5789A4E74F8381CE124BA\libraries\SrcWrapper\HAL\stm32yyxx_hal_gtzc.c.o
LOAD C:\Users\Danish\AppData\Local\arduino\sketches\3BB409F85BB5789A4E74F8381CE124BA\libraries\SrcWrapper\HAL\stm32yyxx_hal_hash.c.o
LOAD C:\Users\Danish\AppData\Local\arduino\sketches\3BB409F85BB5789A4E74F8381CE124BA\libraries\SrcWrapper\HAL\stm32yyxx_hal_hash_ex.c.o
LOAD C:\Users\Danish\AppData\Local\arduino\sketches\3BB409F85BB5789A4E74F8381CE124BA\libraries\SrcWrapper\HAL\stm32yyxx_hal_hcd.c.o
LOAD C:\Users\Danish\AppData\Local\arduino\sketches\3BB409F85BB5789A4E74F8381CE124BA\libraries\SrcWrapper\HAL\stm32yyxx_hal_hrtim.c.o
LOAD C:\Users\Danish\AppData\Local\arduino\sketches\3BB409F85BB5789A4E74F8381CE124BA\libraries\SrcWrapper\HAL\stm32yyxx_hal_hsem.c.o
LOAD C:\Users\Danish\AppData\Local\arduino\sketches\3BB409F85BB5789A4E74F8381CE124BA\libraries\SrcWrapper\HAL\stm32yyxx_hal_i2c.c.o
LOAD C:\Users\Danish\AppData\Local\arduino\sketches\3BB409F85BB5789A4E74F8381CE124BA\libraries\SrcWrapper\HAL\stm32yyxx_hal_i2c_ex.c.o
LOAD C:\Users\Danish\AppData\Local\arduino\sketches\3BB409F85BB5789A4E74F8381CE124BA\libraries\SrcWrapper\HAL\stm32yyxx_hal_i2s.c.o
LOAD C:\Users\Danish\AppData\Local\arduino\sketches\3BB409F85BB5789A4E74F8381CE124BA\libraries\SrcWrapper\HAL\stm32yyxx_hal_i2s_ex.c.o
LOAD C:\Users\Danish\AppData\Local\arduino\sketches\3BB409F85BB5789A4E74F8381CE124BA\libraries\SrcWrapper\HAL\stm32yyxx_hal_i3c.c.o
LOAD C:\Users\Danish\AppData\Local\arduino\sketches\3BB409F85BB5789A4E74F8381CE124BA\libraries\SrcWrapper\HAL\stm32yyxx_hal_icache.c.o
LOAD C:\Users\Danish\AppData\Local\arduino\sketches\3BB409F85BB5789A4E74F8381CE124BA\libraries\SrcWrapper\HAL\stm32yyxx_hal_ipcc.c.o
LOAD C:\Users\Danish\AppData\Local\arduino\sketches\3BB409F85BB5789A4E74F8381CE124BA\libraries\SrcWrapper\HAL\stm32yyxx_hal_irda.c.o
LOAD C:\Users\Danish\AppData\Local\arduino\sketches\3BB409F85BB5789A4E74F8381CE124BA\libraries\SrcWrapper\HAL\stm32yyxx_hal_iwdg.c.o
LOAD C:\Users\Danish\AppData\Local\arduino\sketches\3BB409F85BB5789A4E74F8381CE124BA\libraries\SrcWrapper\HAL\stm32yyxx_hal_jpeg.c.o
LOAD C:\Users\Danish\AppData\Local\arduino\sketches\3BB409F85BB5789A4E74F8381CE124BA\libraries\SrcWrapper\HAL\stm32yyxx_hal_lcd.c.o
LOAD C:\Users\Danish\AppData\Local\arduino\sketches\3BB409F85BB5789A4E74F8381CE124BA\libraries\SrcWrapper\HAL\stm32yyxx_hal_lpawur.c.o
LOAD C:\Users\Danish\AppData\Local\arduino\sketches\3BB409F85BB5789A4E74F8381CE124BA\libraries\SrcWrapper\HAL\stm32yyxx_hal_lptim.c.o
LOAD C:\Users\Danish\AppData\Local\arduino\sketches\3BB409F85BB5789A4E74F8381CE124BA\libraries\SrcWrapper\HAL\stm32yyxx_hal_ltdc.c.o
LOAD C:\Users\Danish\AppData\Local\arduino\sketches\3BB409F85BB5789A4E74F8381CE124BA\libraries\SrcWrapper\HAL\stm32yyxx_hal_ltdc_ex.c.o
LOAD C:\Users\Danish\AppData\Local\arduino\sketches\3BB409F85BB5789A4E74F8381CE124BA\libraries\SrcWrapper\HAL\stm32yyxx_hal_mdf.c.o
LOAD C:\Users\Danish\AppData\Local\arduino\sketches\3BB409F85BB5789A4E74F8381CE124BA\libraries\SrcWrapper\HAL\stm32yyxx_hal_mdios.c.o
LOAD C:\Users\Danish\AppData\Local\arduino\sketches\3BB409F85BB5789A4E74F8381CE124BA\libraries\SrcWrapper\HAL\stm32yyxx_hal_mdma.c.o
LOAD C:\Users\Danish\AppData\Local\arduino\sketches\3BB409F85BB5789A4E74F8381CE124BA\libraries\SrcWrapper\HAL\stm32yyxx_hal_mmc.c.o
LOAD C:\Users\Danish\AppData\Local\arduino\sketches\3BB409F85BB5789A4E74F8381CE124BA\libraries\SrcWrapper\HAL\stm32yyxx_hal_mmc_ex.c.o
LOAD C:\Users\Danish\AppData\Local\arduino\sketches\3BB409F85BB5789A4E74F8381CE124BA\libraries\SrcWrapper\HAL\stm32yyxx_hal_mrsubg.c.o
LOAD C:\Users\Danish\AppData\Local\arduino\sketches\3BB409F85BB5789A4E74F8381CE124BA\libraries\SrcWrapper\HAL\stm32yyxx_hal_mrsubg_timer.c.o
LOAD C:\Users\Danish\AppData\Local\arduino\sketches\3BB409F85BB5789A4E74F8381CE124BA\libraries\SrcWrapper\HAL\stm32yyxx_hal_nand.c.o
LOAD C:\Users\Danish\AppData\Local\arduino\sketches\3BB409F85BB5789A4E74F8381CE124BA\libraries\SrcWrapper\HAL\stm32yyxx_hal_nor.c.o
LOAD C:\Users\Danish\AppData\Local\arduino\sketches\3BB409F85BB5789A4E74F8381CE124BA\libraries\SrcWrapper\HAL\stm32yyxx_hal_opamp.c.o
LOAD C:\Users\Danish\AppData\Local\arduino\sketches\3BB409F85BB5789A4E74F8381CE124BA\libraries\SrcWrapper\HAL\stm32yyxx_hal_opamp_ex.c.o
LOAD C:\Users\Danish\AppData\Local\arduino\sketches\3BB409F85BB5789A4E74F8381CE124BA\libraries\SrcWrapper\HAL\stm32yyxx_hal_ospi.c.o
LOAD C:\Users\Danish\AppData\Local\arduino\sketches\3BB409F85BB5789A4E74F8381CE124BA\libraries\SrcWrapper\HAL\stm32yyxx_hal_otfdec.c.o
LOAD C:\Users\Danish\AppData\Local\arduino\sketches\3BB409F85BB5789A4E74F8381CE124BA\libraries\SrcWrapper\HAL\stm32yyxx_hal_pccard.c.o
LOAD C:\Users\Danish\AppData\Local\arduino\sketches\3BB409F85BB5789A4E74F8381CE124BA\libraries\SrcWrapper\HAL\stm32yyxx_hal_pcd.c.o
LOAD C:\Users\Danish\AppData\Local\arduino\sketches\3BB409F85BB5789A4E74F8381CE124BA\libraries\SrcWrapper\HAL\stm32yyxx_hal_pcd_ex.c.o
LOAD C:\Users\Danish\AppData\Local\arduino\sketches\3BB409F85BB5789A4E74F8381CE124BA\libraries\SrcWrapper\HAL\stm32yyxx_hal_pka.c.o
LOAD C:\Users\Danish\AppData\Local\arduino\sketches\3BB409F85BB5789A4E74F8381CE124BA\libraries\SrcWrapper\HAL\stm32yyxx_hal_pssi.c.o
LOAD C:\Users\Danish\AppData\Local\arduino\sketches\3BB409F85BB5789A4E74F8381CE124BA\libraries\SrcWrapper\HAL\stm32yyxx_hal_pwr.c.o
LOAD C:\Users\Danish\AppData\Local\arduino\sketches\3BB409F85BB5789A4E74F8381CE124BA\libraries\SrcWrapper\HAL\stm32yyxx_hal_pwr_ex.c.o
LOAD C:\Users\Danish\AppData\Local\arduino\sketches\3BB409F85BB5789A4E74F8381CE124BA\libraries\SrcWrapper\HAL\stm32yyxx_hal_qspi.c.o
LOAD C:\Users\Danish\AppData\Local\arduino\sketches\3BB409F85BB5789A4E74F8381CE124BA\libraries\SrcWrapper\HAL\stm32yyxx_hal_radio.c.o
LOAD C:\Users\Danish\AppData\Local\arduino\sketches\3BB409F85BB5789A4E74F8381CE124BA\libraries\SrcWrapper\HAL\stm32yyxx_hal_radio_timer.c.o
LOAD C:\Users\Danish\AppData\Local\arduino\sketches\3BB409F85BB5789A4E74F8381CE124BA\libraries\SrcWrapper\HAL\stm32yyxx_hal_ramcfg.c.o
LOAD C:\Users\Danish\AppData\Local\arduino\sketches\3BB409F85BB5789A4E74F8381CE124BA\libraries\SrcWrapper\HAL\stm32yyxx_hal_ramecc.c.o
LOAD C:\Users\Danish\AppData\Local\arduino\sketches\3BB409F85BB5789A4E74F8381CE124BA\libraries\SrcWrapper\HAL\stm32yyxx_hal_rcc.c.o
LOAD C:\Users\Danish\AppData\Local\arduino\sketches\3BB409F85BB5789A4E74F8381CE124BA\libraries\SrcWrapper\HAL\stm32yyxx_hal_rcc_ex.c.o
LOAD C:\Users\Danish\AppData\Local\arduino\sketches\3BB409F85BB5789A4E74F8381CE124BA\libraries\SrcWrapper\HAL\stm32yyxx_hal_rng.c.o
LOAD C:\Users\Danish\AppData\Local\arduino\sketches\3BB409F85BB5789A4E74F8381CE124BA\libraries\SrcWrapper\HAL\stm32yyxx_hal_rng_ex.c.o
LOAD C:\Users\Danish\AppData\Local\arduino\sketches\3BB409F85BB5789A4E74F8381CE124BA\libraries\SrcWrapper\HAL\stm32yyxx_hal_rtc.c.o
LOAD C:\Users\Danish\AppData\Local\arduino\sketches\3BB409F85BB5789A4E74F8381CE124BA\libraries\SrcWrapper\HAL\stm32yyxx_hal_rtc_ex.c.o
LOAD C:\Users\Danish\AppData\Local\arduino\sketches\3BB409F85BB5789A4E74F8381CE124BA\libraries\SrcWrapper\HAL\stm32yyxx_hal_sai.c.o
LOAD C:\Users\Danish\AppData\Local\arduino\sketches\3BB409F85BB5789A4E74F8381CE124BA\libraries\SrcWrapper\HAL\stm32yyxx_hal_sai_ex.c.o
LOAD C:\Users\Danish\AppData\Local\arduino\sketches\3BB409F85BB5789A4E74F8381CE124BA\libraries\SrcWrapper\HAL\stm32yyxx_hal_sd.c.o
LOAD C:\Users\Danish\AppData\Local\arduino\sketches\3BB409F85BB5789A4E74F8381CE124BA\libraries\SrcWrapper\HAL\stm32yyxx_hal_sd_ex.c.o
LOAD C:\Users\Danish\AppData\Local\arduino\sketches\3BB409F85BB5789A4E74F8381CE124BA\libraries\SrcWrapper\HAL\stm32yyxx_hal_sdadc.c.o
LOAD C:\Users\Danish\AppData\Local\arduino\sketches\3BB409F85BB5789A4E74F8381CE124BA\libraries\SrcWrapper\HAL\stm32yyxx_hal_sdio.c.o
LOAD C:\Users\Danish\AppData\Local\arduino\sketches\3BB409F85BB5789A4E74F8381CE124BA\libraries\SrcWrapper\HAL\stm32yyxx_hal_sdram.c.o
LOAD C:\Users\Danish\AppData\Local\arduino\sketches\3BB409F85BB5789A4E74F8381CE124BA\libraries\SrcWrapper\HAL\stm32yyxx_hal_smartcard.c.o
LOAD C:\Users\Danish\AppData\Local\arduino\sketches\3BB409F85BB5789A4E74F8381CE124BA\libraries\SrcWrapper\HAL\stm32yyxx_hal_smartcard_ex.c.o
LOAD C:\Users\Danish\AppData\Local\arduino\sketches\3BB409F85BB5789A4E74F8381CE124BA\libraries\SrcWrapper\HAL\stm32yyxx_hal_smbus.c.o
LOAD C:\Users\Danish\AppData\Local\arduino\sketches\3BB409F85BB5789A4E74F8381CE124BA\libraries\SrcWrapper\HAL\stm32yyxx_hal_smbus_ex.c.o
LOAD C:\Users\Danish\AppData\Local\arduino\sketches\3BB409F85BB5789A4E74F8381CE124BA\libraries\SrcWrapper\HAL\stm32yyxx_hal_spdifrx.c.o
LOAD C:\Users\Danish\AppData\Local\arduino\sketches\3BB409F85BB5789A4E74F8381CE124BA\libraries\SrcWrapper\HAL\stm32yyxx_hal_spi.c.o
LOAD C:\Users\Danish\AppData\Local\arduino\sketches\3BB409F85BB5789A4E74F8381CE124BA\libraries\SrcWrapper\HAL\stm32yyxx_hal_spi_ex.c.o
LOAD C:\Users\Danish\AppData\Local\arduino\sketches\3BB409F85BB5789A4E74F8381CE124BA\libraries\SrcWrapper\HAL\stm32yyxx_hal_sram.c.o
LOAD C:\Users\Danish\AppData\Local\arduino\sketches\3BB409F85BB5789A4E74F8381CE124BA\libraries\SrcWrapper\HAL\stm32yyxx_hal_subghz.c.o
LOAD C:\Users\Danish\AppData\Local\arduino\sketches\3BB409F85BB5789A4E74F8381CE124BA\libraries\SrcWrapper\HAL\stm32yyxx_hal_swpmi.c.o
LOAD C:\Users\Danish\AppData\Local\arduino\sketches\3BB409F85BB5789A4E74F8381CE124BA\libraries\SrcWrapper\HAL\stm32yyxx_hal_tim.c.o
LOAD C:\Users\Danish\AppData\Local\arduino\sketches\3BB409F85BB5789A4E74F8381CE124BA\libraries\SrcWrapper\HAL\stm32yyxx_hal_tim_ex.c.o
LOAD C:\Users\Danish\AppData\Local\arduino\sketches\3BB409F85BB5789A4E74F8381CE124BA\libraries\SrcWrapper\HAL\stm32yyxx_hal_tsc.c.o
LOAD C:\Users\Danish\AppData\Local\arduino\sketches\3BB409F85BB5789A4E74F8381CE124BA\libraries\SrcWrapper\HAL\stm32yyxx_hal_uart.c.o
LOAD C:\Users\Danish\AppData\Local\arduino\sketches\3BB409F85BB5789A4E74F8381CE124BA\libraries\SrcWrapper\HAL\stm32yyxx_hal_uart_ex.c.o
LOAD C:\Users\Danish\AppData\Local\arduino\sketches\3BB409F85BB5789A4E74F8381CE124BA\libraries\SrcWrapper\HAL\stm32yyxx_hal_usart.c.o
LOAD C:\Users\Danish\AppData\Local\arduino\sketches\3BB409F85BB5789A4E74F8381CE124BA\libraries\SrcWrapper\HAL\stm32yyxx_hal_usart_ex.c.o
LOAD C:\Users\Danish\AppData\Local\arduino\sketches\3BB409F85BB5789A4E74F8381CE124BA\libraries\SrcWrapper\HAL\stm32yyxx_hal_wwdg.c.o
LOAD C:\Users\Danish\AppData\Local\arduino\sketches\3BB409F85BB5789A4E74F8381CE124BA\libraries\SrcWrapper\HAL\stm32yyxx_hal_xspi.c.o
LOAD C:\Users\Danish\AppData\Local\arduino\sketches\3BB409F85BB5789A4E74F8381CE124BA\libraries\SrcWrapper\HardwareTimer.cpp.o
LOAD C:\Users\Danish\AppData\Local\arduino\sketches\3BB409F85BB5789A4E74F8381CE124BA\libraries\SrcWrapper\LL\stm32yyxx_ll_adc.c.o
LOAD C:\Users\Danish\AppData\Local\arduino\sketches\3BB409F85BB5789A4E74F8381CE124BA\libraries\SrcWrapper\LL\stm32yyxx_ll_bdma.c.o
LOAD C:\Users\Danish\AppData\Local\arduino\sketches\3BB409F85BB5789A4E74F8381CE124BA\libraries\SrcWrapper\LL\stm32yyxx_ll_comp.c.o
LOAD C:\Users\Danish\AppData\Local\arduino\sketches\3BB409F85BB5789A4E74F8381CE124BA\libraries\SrcWrapper\LL\stm32yyxx_ll_cordic.c.o
LOAD C:\Users\Danish\AppData\Local\arduino\sketches\3BB409F85BB5789A4E74F8381CE124BA\libraries\SrcWrapper\LL\stm32yyxx_ll_crc.c.o
LOAD C:\Users\Danish\AppData\Local\arduino\sketches\3BB409F85BB5789A4E74F8381CE124BA\libraries\SrcWrapper\LL\stm32yyxx_ll_crs.c.o
LOAD C:\Users\Danish\AppData\Local\arduino\sketches\3BB409F85BB5789A4E74F8381CE124BA\libraries\SrcWrapper\LL\stm32yyxx_ll_dac.c.o
LOAD C:\Users\Danish\AppData\Local\arduino\sketches\3BB409F85BB5789A4E74F8381CE124BA\libraries\SrcWrapper\LL\stm32yyxx_ll_delayblock.c.o
LOAD C:\Users\Danish\AppData\Local\arduino\sketches\3BB409F85BB5789A4E74F8381CE124BA\libraries\SrcWrapper\LL\stm32yyxx_ll_dlyb.c.o
LOAD C:\Users\Danish\AppData\Local\arduino\sketches\3BB409F85BB5789A4E74F8381CE124BA\libraries\SrcWrapper\LL\stm32yyxx_ll_dma.c.o
LOAD C:\Users\Danish\AppData\Local\arduino\sketches\3BB409F85BB5789A4E74F8381CE124BA\libraries\SrcWrapper\LL\stm32yyxx_ll_dma2d.c.o
LOAD C:\Users\Danish\AppData\Local\arduino\sketches\3BB409F85BB5789A4E74F8381CE124BA\libraries\SrcWrapper\LL\stm32yyxx_ll_exti.c.o
LOAD C:\Users\Danish\AppData\Local\arduino\sketches\3BB409F85BB5789A4E74F8381CE124BA\libraries\SrcWrapper\LL\stm32yyxx_ll_fmac.c.o
LOAD C:\Users\Danish\AppData\Local\arduino\sketches\3BB409F85BB5789A4E74F8381CE124BA\libraries\SrcWrapper\LL\stm32yyxx_ll_fmc.c.o
LOAD C:\Users\Danish\AppData\Local\arduino\sketches\3BB409F85BB5789A4E74F8381CE124BA\libraries\SrcWrapper\LL\stm32yyxx_ll_fmpi2c.c.o
LOAD C:\Users\Danish\AppData\Local\arduino\sketches\3BB409F85BB5789A4E74F8381CE124BA\libraries\SrcWrapper\LL\stm32yyxx_ll_fsmc.c.o
LOAD C:\Users\Danish\AppData\Local\arduino\sketches\3BB409F85BB5789A4E74F8381CE124BA\libraries\SrcWrapper\LL\stm32yyxx_ll_gpio.c.o
LOAD C:\Users\Danish\AppData\Local\arduino\sketches\3BB409F85BB5789A4E74F8381CE124BA\libraries\SrcWrapper\LL\stm32yyxx_ll_hrtim.c.o
LOAD C:\Users\Danish\AppData\Local\arduino\sketches\3BB409F85BB5789A4E74F8381CE124BA\libraries\SrcWrapper\LL\stm32yyxx_ll_i2c.c.o
LOAD C:\Users\Danish\AppData\Local\arduino\sketches\3BB409F85BB5789A4E74F8381CE124BA\libraries\SrcWrapper\LL\stm32yyxx_ll_i3c.c.o
LOAD C:\Users\Danish\AppData\Local\arduino\sketches\3BB409F85BB5789A4E74F8381CE124BA\libraries\SrcWrapper\LL\stm32yyxx_ll_icache.c.o
LOAD C:\Users\Danish\AppData\Local\arduino\sketches\3BB409F85BB5789A4E74F8381CE124BA\libraries\SrcWrapper\LL\stm32yyxx_ll_lcsc.c.o
LOAD C:\Users\Danish\AppData\Local\arduino\sketches\3BB409F85BB5789A4E74F8381CE124BA\libraries\SrcWrapper\LL\stm32yyxx_ll_lpgpio.c.o
LOAD C:\Users\Danish\AppData\Local\arduino\sketches\3BB409F85BB5789A4E74F8381CE124BA\libraries\SrcWrapper\LL\stm32yyxx_ll_lptim.c.o
LOAD C:\Users\Danish\AppData\Local\arduino\sketches\3BB409F85BB5789A4E74F8381CE124BA\libraries\SrcWrapper\LL\stm32yyxx_ll_lpuart.c.o
LOAD C:\Users\Danish\AppData\Local\arduino\sketches\3BB409F85BB5789A4E74F8381CE124BA\libraries\SrcWrapper\LL\stm32yyxx_ll_mdma.c.o
LOAD C:\Users\Danish\AppData\Local\arduino\sketches\3BB409F85BB5789A4E74F8381CE124BA\libraries\SrcWrapper\LL\stm32yyxx_ll_opamp.c.o
LOAD C:\Users\Danish\AppData\Local\arduino\sketches\3BB409F85BB5789A4E74F8381CE124BA\libraries\SrcWrapper\LL\stm32yyxx_ll_pka.c.o
LOAD C:\Users\Danish\AppData\Local\arduino\sketches\3BB409F85BB5789A4E74F8381CE124BA\libraries\SrcWrapper\LL\stm32yyxx_ll_pwr.c.o
LOAD C:\Users\Danish\AppData\Local\arduino\sketches\3BB409F85BB5789A4E74F8381CE124BA\libraries\SrcWrapper\LL\stm32yyxx_ll_rcc.c.o
LOAD C:\Users\Danish\AppData\Local\arduino\sketches\3BB409F85BB5789A4E74F8381CE124BA\libraries\SrcWrapper\LL\stm32yyxx_ll_rng.c.o
LOAD C:\Users\Danish\AppData\Local\arduino\sketches\3BB409F85BB5789A4E74F8381CE124BA\libraries\SrcWrapper\LL\stm32yyxx_ll_rtc.c.o
LOAD C:\Users\Danish\AppData\Local\arduino\sketches\3BB409F85BB5789A4E74F8381CE124BA\libraries\SrcWrapper\LL\stm32yyxx_ll_sdmmc.c.o
LOAD C:\Users\Danish\AppData\Local\arduino\sketches\3BB409F85BB5789A4E74F8381CE124BA\libraries\SrcWrapper\LL\stm32yyxx_ll_spi.c.o
LOAD C:\Users\Danish\AppData\Local\arduino\sketches\3BB409F85BB5789A4E74F8381CE124BA\libraries\SrcWrapper\LL\stm32yyxx_ll_swpmi.c.o
LOAD C:\Users\Danish\AppData\Local\arduino\sketches\3BB409F85BB5789A4E74F8381CE124BA\libraries\SrcWrapper\LL\stm32yyxx_ll_system.c.o
LOAD C:\Users\Danish\AppData\Local\arduino\sketches\3BB409F85BB5789A4E74F8381CE124BA\libraries\SrcWrapper\LL\stm32yyxx_ll_tim.c.o
LOAD C:\Users\Danish\AppData\Local\arduino\sketches\3BB409F85BB5789A4E74F8381CE124BA\libraries\SrcWrapper\LL\stm32yyxx_ll_ucpd.c.o
LOAD C:\Users\Danish\AppData\Local\arduino\sketches\3BB409F85BB5789A4E74F8381CE124BA\libraries\SrcWrapper\LL\stm32yyxx_ll_usart.c.o
LOAD C:\Users\Danish\AppData\Local\arduino\sketches\3BB409F85BB5789A4E74F8381CE124BA\libraries\SrcWrapper\LL\stm32yyxx_ll_usb.c.o
LOAD C:\Users\Danish\AppData\Local\arduino\sketches\3BB409F85BB5789A4E74F8381CE124BA\libraries\SrcWrapper\LL\stm32yyxx_ll_utils.c.o
LOAD C:\Users\Danish\AppData\Local\arduino\sketches\3BB409F85BB5789A4E74F8381CE124BA\libraries\SrcWrapper\new.cpp.o
LOAD C:\Users\Danish\AppData\Local\arduino\sketches\3BB409F85BB5789A4E74F8381CE124BA\libraries\SrcWrapper\stm32\PortNames.c.o
LOAD C:\Users\Danish\AppData\Local\arduino\sketches\3BB409F85BB5789A4E74F8381CE124BA\libraries\SrcWrapper\stm32\analog.cpp.o
LOAD C:\Users\Danish\AppData\Local\arduino\sketches\3BB409F85BB5789A4E74F8381CE124BA\libraries\SrcWrapper\stm32\bootloader.c.o
LOAD C:\Users\Danish\AppData\Local\arduino\sketches\3BB409F85BB5789A4E74F8381CE124BA\libraries\SrcWrapper\stm32\clock.c.o
LOAD C:\Users\Danish\AppData\Local\arduino\sketches\3BB409F85BB5789A4E74F8381CE124BA\libraries\SrcWrapper\stm32\core_callback.c.o
LOAD C:\Users\Danish\AppData\Local\arduino\sketches\3BB409F85BB5789A4E74F8381CE124BA\libraries\SrcWrapper\stm32\dwt.c.o
LOAD C:\Users\Danish\AppData\Local\arduino\sketches\3BB409F85BB5789A4E74F8381CE124BA\libraries\SrcWrapper\stm32\hw_config.c.o
LOAD C:\Users\Danish\AppData\Local\arduino\sketches\3BB409F85BB5789A4E74F8381CE124BA\libraries\SrcWrapper\stm32\interrupt.cpp.o
LOAD C:\Users\Danish\AppData\Local\arduino\sketches\3BB409F85BB5789A4E74F8381CE124BA\libraries\SrcWrapper\stm32\otp.c.o
LOAD C:\Users\Danish\AppData\Local\arduino\sketches\3BB409F85BB5789A4E74F8381CE124BA\libraries\SrcWrapper\stm32\pinmap.c.o
LOAD C:\Users\Danish\AppData\Local\arduino\sketches\3BB409F85BB5789A4E74F8381CE124BA\libraries\SrcWrapper\stm32\stm32_def.c.o
LOAD C:\Users\Danish\AppData\Local\arduino\sketches\3BB409F85BB5789A4E74F8381CE124BA\libraries\SrcWrapper\stm32\system_stm32yyxx.c.o
LOAD C:\Users\Danish\AppData\Local\arduino\sketches\3BB409F85BB5789A4E74F8381CE124BA\libraries\SrcWrapper\stm32\timer.c.o
LOAD C:\Users\Danish\AppData\Local\arduino\sketches\3BB409F85BB5789A4E74F8381CE124BA\libraries\SrcWrapper\stm32\uart.c.o
LOAD C:\Users\Danish\AppData\Local\arduino\sketches\3BB409F85BB5789A4E74F8381CE124BA\libraries\SrcWrapper\syscalls.c.o
LOAD C:\Users\Danish\AppData\Local\arduino\sketches\3BB409F85BB5789A4E74F8381CE124BA\core\PeripheralPins.c.o
LOAD C:\Users\Danish\AppData\Local\arduino\sketches\3BB409F85BB5789A4E74F8381CE124BA\core\PeripheralPins_ARMED_V1.c.o
LOAD C:\Users\Danish\AppData\Local\arduino\sketches\3BB409F85BB5789A4E74F8381CE124BA\core\PeripheralPins_BLACK_F407VX.c.o
LOAD C:\Users\Danish\AppData\Local\arduino\sketches\3BB409F85BB5789A4E74F8381CE124BA\core\PeripheralPins_BLUE_F407VE_MINI.c.o
LOAD C:\Users\Danish\AppData\Local\arduino\sketches\3BB409F85BB5789A4E74F8381CE124BA\core\PeripheralPins_FK407M1.c.o
LOAD C:\Users\Danish\AppData\Local\arduino\sketches\3BB409F85BB5789A4E74F8381CE124BA\core\PeripheralPins_PRNTR_V1.c.o
LOAD C:\Users\Danish\AppData\Local\arduino\sketches\3BB409F85BB5789A4E74F8381CE124BA\core\PeripheralPins_PRNTR_V2.c.o
LOAD C:\Users\Danish\AppData\Local\arduino\sketches\3BB409F85BB5789A4E74F8381CE124BA\core\generic_clock.c.o
LOAD C:\Users\Danish\AppData\Local\arduino\sketches\3BB409F85BB5789A4E74F8381CE124BA\core\variant_ARMED_V1.cpp.o
LOAD C:\Users\Danish\AppData\Local\arduino\sketches\3BB409F85BB5789A4E74F8381CE124BA\core\variant_BLACK_F407VX.cpp.o
LOAD C:\Users\Danish\AppData\Local\arduino\sketches\3BB409F85BB5789A4E74F8381CE124BA\core\variant_BLUE_F407VE_MINI.cpp.o
LOAD C:\Users\Danish\AppData\Local\arduino\sketches\3BB409F85BB5789A4E74F8381CE124BA\core\variant_DISCO_F407VG.cpp.o
LOAD C:\Users\Danish\AppData\Local\arduino\sketches\3BB409F85BB5789A4E74F8381CE124BA\core\variant_DIYMORE_F407VGT.cpp.o
LOAD C:\Users\Danish\AppData\Local\arduino\sketches\3BB409F85BB5789A4E74F8381CE124BA\core\variant_FK407M1.cpp.o
LOAD C:\Users\Danish\AppData\Local\arduino\sketches\3BB409F85BB5789A4E74F8381CE124BA\core\variant_PRNTR_Vx.cpp.o
LOAD C:\Users\Danish\AppData\Local\arduino\sketches\3BB409F85BB5789A4E74F8381CE124BA\core\variant_generic.cpp.o
LOAD C:\Users\Danish\AppData\Local\arduino\cores\398493dfa1eccccc0a5e5b56b53f8687\core.a
LOAD C:/Users/Danish/AppData/Local/Arduino15/packages/STMicroelectronics/tools/xpack-arm-none-eabi-gcc/14.2.1-1.1/bin/../lib/gcc/arm-none-eabi/14.2.1/../../../../arm-none-eabi/lib/thumb/v7e-m+fp/hard\libc_nano.a
END GROUP
LOAD C:/Users/Danish/AppData/Local/Arduino15/packages/STMicroelectronics/tools/xpack-arm-none-eabi-gcc/14.2.1-1.1/bin/../lib/gcc/arm-none-eabi/14.2.1/../../../../arm-none-eabi/lib/thumb/v7e-m+fp/hard\libm.a
LOAD C:/Users/Danish/AppData/Local/Arduino15/packages/STMicroelectronics/tools/xpack-arm-none-eabi-gcc/14.2.1-1.1/bin/../lib/gcc/arm-none-eabi/14.2.1/thumb/v7e-m+fp/hard\libgcc.a
LOAD C:/Users/Danish/AppData/Local/Arduino15/packages/STMicroelectronics/tools/xpack-arm-none-eabi-gcc/14.2.1-1.1/bin/../lib/gcc/arm-none-eabi/14.2.1/../../../../arm-none-eabi/lib/thumb/v7e-m+fp/hard\libstdc++_nano.a
START GROUP
LOAD C:/Users/Danish/AppData/Local/Arduino15/packages/STMicroelectronics/tools/xpack-arm-none-eabi-gcc/14.2.1-1.1/bin/../lib/gcc/arm-none-eabi/14.2.1/thumb/v7e-m+fp/hard\libgcc.a
LOAD C:/Users/Danish/AppData/Local/Arduino15/packages/STMicroelectronics/tools/xpack-arm-none-eabi-gcc/14.2.1-1.1/bin/../lib/gcc/arm-none-eabi/14.2.1/../../../../arm-none-eabi/lib/thumb/v7e-m+fp/hard\libc_nano.a
END GROUP
START GROUP
LOAD C:/Users/Danish/AppData/Local/Arduino15/packages/STMicroelectronics/tools/xpack-arm-none-eabi-gcc/14.2.1-1.1/bin/../lib/gcc/arm-none-eabi/14.2.1/thumb/v7e-m+fp/hard\libgcc.a
LOAD C:/Users/Danish/AppData/Local/Arduino15/packages/STMicroelectronics/tools/xpack-arm-none-eabi-gcc/14.2.1-1.1/bin/../lib/gcc/arm-none-eabi/14.2.1/../../../../arm-none-eabi/lib/thumb/v7e-m+fp/hard\libc_nano.a
END GROUP
LOAD C:/Users/Danish/AppData/Local/Arduino15/packages/STMicroelectronics/tools/xpack-arm-none-eabi-gcc/14.2.1-1.1/bin/../lib/gcc/arm-none-eabi/14.2.1/thumb/v7e-m+fp/hard/crtend.o
LOAD C:/Users/Danish/AppData/Local/Arduino15/packages/STMicroelectronics/tools/xpack-arm-none-eabi-gcc/14.2.1-1.1/bin/../lib/gcc/arm-none-eabi/14.2.1/thumb/v7e-m+fp/hard/crtn.o
                0x20020000                        _estack = (ORIGIN (RAM) + LENGTH (RAM))
                0x00000200                        _Min_Heap_Size = 0x200
                0x00000400                        _Min_Stack_Size = 0x400

.isr_vector     0x08000000      0x188
                0x08000000                        . = ALIGN (0x4)
 *(.isr_vector)
 .isr_vector    0x08000000      0x188 C:\Users\Danish\AppData\Local\arduino\cores\398493dfa1eccccc0a5e5b56b53f8687\core.a(startup_stm32yyxx.S.o)
                0x08000000                g_pfnVectors
                0x08000188                        . = ALIGN (0x4)

.text           0x08000188     0x211c
                0x08000188                        . = ALIGN (0x4)
 *(.text)
 .text          0x08000188     0x13fc C:\Users\Danish\AppData\Local\Temp\ccc2D9Ye.ltrans0.ltrans.o
                0x08000f00                TIM1_UP_TIM10_IRQHandler
                0x08000f02                TIM1_CC_IRQHandler
                0x08000f04                TIM2_IRQHandler
                0x08000f06                TIM3_IRQHandler
                0x08000f08                TIM4_IRQHandler
                0x08000f0a                TIM5_IRQHandler
                0x08000f0c                TIM6_DAC_IRQHandler
                0x08000f0e                TIM7_IRQHandler
                0x08000f10                TIM8_UP_TIM13_IRQHandler
                0x08000f12                TIM8_CC_IRQHandler
                0x08000f14                TIM1_BRK_TIM9_IRQHandler
                0x08000f16                TIM1_TRG_COM_TIM11_IRQHandler
                0x08000f18                TIM8_BRK_TIM12_IRQHandler
                0x08000f1a                TIM8_TRG_COM_TIM14_IRQHandler
                0x08000f1c                operator delete(void*)
                0x08000f20                operator delete(void*, unsigned int)
                0x08000f24                SysTick_Handler
                0x08000f34                EXTI0_IRQHandler
                0x08000f38                EXTI1_IRQHandler
                0x08000f3c                EXTI2_IRQHandler
                0x08000f40                EXTI3_IRQHandler
                0x08000f44                EXTI4_IRQHandler
                0x08000f48                EXTI9_5_IRQHandler
                0x08000f6e                EXTI15_10_IRQHandler
                0x08000f86                SystemInit
                0x08000fd4                USART1_IRQHandler
                0x08000fec                USART2_IRQHandler
                0x08001008                USART3_IRQHandler
                0x08001024                UART4_IRQHandler
                0x08001040                UART5_IRQHandler
                0x0800105c                USART6_IRQHandler
                0x08001074                _sbrk
                0x080010b0                _close
                0x080010b6                _fstat
                0x080010c0                _isatty
                0x080010c4                _lseek
                0x080010c8                _read
                0x080010cc                _exit
                0x080010ce                _kill
                0x080010e0                _getpid
                0x080010e4                _write
 .text          0x08001584       0x30 C:/Users/Danish/AppData/Local/Arduino15/packages/STMicroelectronics/tools/xpack-arm-none-eabi-gcc/14.2.1-1.1/bin/../lib/gcc/arm-none-eabi/14.2.1/thumb/v7e-m+fp/hard\libgcc.a(_aeabi_uldivmod.o)
                0x08001584                __aeabi_uldivmod
 .text          0x080015b4        0x4 C:/Users/Danish/AppData/Local/Arduino15/packages/STMicroelectronics/tools/xpack-arm-none-eabi-gcc/14.2.1-1.1/bin/../lib/gcc/arm-none-eabi/14.2.1/thumb/v7e-m+fp/hard\libgcc.a(_dvmd_tls.o)
                0x080015b4                __aeabi_idiv0
                0x080015b4                __aeabi_ldiv0
 *(.text*)
 .text.__do_global_dtors_aux
                0x080015b8       0x24 C:/Users/Danish/AppData/Local/Arduino15/packages/STMicroelectronics/tools/xpack-arm-none-eabi-gcc/14.2.1-1.1/bin/../lib/gcc/arm-none-eabi/14.2.1/thumb/v7e-m+fp/hard/crtbegin.o
 .text.frame_dummy
                0x080015dc       0x1c C:/Users/Danish/AppData/Local/Arduino15/packages/STMicroelectronics/tools/xpack-arm-none-eabi-gcc/14.2.1-1.1/bin/../lib/gcc/arm-none-eabi/14.2.1/thumb/v7e-m+fp/hard/crtbegin.o
 .text.startup  0x080015f8      0x750 C:\Users\Danish\AppData\Local\Temp\ccc2D9Ye.ltrans0.ltrans.o
                0x08001620                main
 .text.exit     0x08001d48       0x24 C:\Users\Danish\AppData\Local\Temp\ccc2D9Ye.ltrans0.ltrans.o
 .text.Reset_Handler
                0x08001d6c       0x50 C:\Users\Danish\AppData\Local\arduino\cores\398493dfa1eccccc0a5e5b56b53f8687\core.a(startup_stm32yyxx.S.o)
                0x08001d6c                Reset_Handler
 .text.Default_Handler
                0x08001dbc        0x2 C:\Users\Danish\AppData\Local\arduino\cores\398493dfa1eccccc0a5e5b56b53f8687\core.a(startup_stm32yyxx.S.o)
                0x08001dbc                RTC_Alarm_IRQHandler
                0x08001dbc                HASH_RNG_IRQHandler
                0x08001dbc                DebugMon_Handler
                0x08001dbc                DMA2_Stream5_IRQHandler
                0x08001dbc                HardFault_Handler
                0x08001dbc                DMA1_Stream5_IRQHandler
                0x08001dbc                PVD_IRQHandler
                0x08001dbc                SDIO_IRQHandler
                0x08001dbc                TAMP_STAMP_IRQHandler
                0x08001dbc                PendSV_Handler
                0x08001dbc                NMI_Handler
                0x08001dbc                CAN2_RX1_IRQHandler
                0x08001dbc                I2C3_ER_IRQHandler
                0x08001dbc                I2C2_EV_IRQHandler
                0x08001dbc                DMA1_Stream2_IRQHandler
                0x08001dbc                CAN1_RX0_IRQHandler
                0x08001dbc                FPU_IRQHandler
                0x08001dbc                OTG_HS_WKUP_IRQHandler
                0x08001dbc                UsageFault_Handler
                0x08001dbc                CAN2_SCE_IRQHandler
                0x08001dbc                DMA2_Stream2_IRQHandler
                0x08001dbc                SPI1_IRQHandler
                0x08001dbc                DCMI_IRQHandler
                0x08001dbc                CAN2_RX0_IRQHandler
                0x08001dbc                DMA2_Stream3_IRQHandler
                0x08001dbc                CAN1_RX1_IRQHandler
                0x08001dbc                DMA2_Stream0_IRQHandler
                0x08001dbc                I2C1_EV_IRQHandler
                0x08001dbc                DMA1_Stream6_IRQHandler
                0x08001dbc                DMA1_Stream1_IRQHandler
                0x08001dbc                RCC_IRQHandler
                0x08001dbc                Default_Handler
                0x08001dbc                ADC_IRQHandler
                0x08001dbc                DMA1_Stream7_IRQHandler
                0x08001dbc                CAN2_TX_IRQHandler
                0x08001dbc                DMA2_Stream7_IRQHandler
                0x08001dbc                I2C3_EV_IRQHandler
                0x08001dbc                RTC_WKUP_IRQHandler
                0x08001dbc                ETH_WKUP_IRQHandler
                0x08001dbc                SPI2_IRQHandler
                0x08001dbc                OTG_HS_EP1_IN_IRQHandler
                0x08001dbc                MemManage_Handler
                0x08001dbc                DMA1_Stream0_IRQHandler
                0x08001dbc                CAN1_TX_IRQHandler
                0x08001dbc                SVC_Handler
                0x08001dbc                FSMC_IRQHandler
                0x08001dbc                ETH_IRQHandler
                0x08001dbc                OTG_HS_EP1_OUT_IRQHandler
                0x08001dbc                WWDG_IRQHandler
                0x08001dbc                OTG_FS_WKUP_IRQHandler
                0x08001dbc                OTG_HS_IRQHandler
                0x08001dbc                I2C2_ER_IRQHandler
                0x08001dbc                DMA2_Stream1_IRQHandler
                0x08001dbc                CAN1_SCE_IRQHandler
                0x08001dbc                FLASH_IRQHandler
                0x08001dbc                DMA2_Stream4_IRQHandler
                0x08001dbc                BusFault_Handler
                0x08001dbc                OTG_FS_IRQHandler
                0x08001dbc                SPI3_IRQHandler
                0x08001dbc                DMA1_Stream4_IRQHandler
                0x08001dbc                I2C1_ER_IRQHandler
                0x08001dbc                DMA2_Stream6_IRQHandler
                0x08001dbc                DMA1_Stream3_IRQHandler
 .text.memset   0x08001dbe       0x10 C:/Users/Danish/AppData/Local/Arduino15/packages/STMicroelectronics/tools/xpack-arm-none-eabi-gcc/14.2.1-1.1/bin/../lib/gcc/arm-none-eabi/14.2.1/../../../../arm-none-eabi/lib/thumb/v7e-m+fp/hard\libc_nano.a(libc_a-memset.o)
                0x08001dbe                memset
 *fill*         0x08001dce        0x2 
 .text.__libc_init_array
                0x08001dd0       0x48 C:/Users/Danish/AppData/Local/Arduino15/packages/STMicroelectronics/tools/xpack-arm-none-eabi-gcc/14.2.1-1.1/bin/../lib/gcc/arm-none-eabi/14.2.1/../../../../arm-none-eabi/lib/thumb/v7e-m+fp/hard\libc_nano.a(libc_a-init.o)
                0x08001dd0                __libc_init_array
 .text.__retarget_lock_acquire_recursive
                0x08001e18        0x2 C:/Users/Danish/AppData/Local/Arduino15/packages/STMicroelectronics/tools/xpack-arm-none-eabi-gcc/14.2.1-1.1/bin/../lib/gcc/arm-none-eabi/14.2.1/../../../../arm-none-eabi/lib/thumb/v7e-m+fp/hard\libc_nano.a(libc_a-lock.o)
                0x08001e18                __retarget_lock_acquire_recursive
 .text.__retarget_lock_release_recursive
                0x08001e1a        0x2 C:/Users/Danish/AppData/Local/Arduino15/packages/STMicroelectronics/tools/xpack-arm-none-eabi-gcc/14.2.1-1.1/bin/../lib/gcc/arm-none-eabi/14.2.1/../../../../arm-none-eabi/lib/thumb/v7e-m+fp/hard\libc_nano.a(libc_a-lock.o)
                0x08001e1a                __retarget_lock_release_recursive
 .text.memcpy   0x08001e1c       0x1c C:/Users/Danish/AppData/Local/Arduino15/packages/STMicroelectronics/tools/xpack-arm-none-eabi-gcc/14.2.1-1.1/bin/../lib/gcc/arm-none-eabi/14.2.1/../../../../arm-none-eabi/lib/thumb/v7e-m+fp/hard\libc_nano.a(libc_a-memcpy-stub.o)
                0x08001e1c                memcpy
 .text._free_r  0x08001e38       0x94 C:/Users/Danish/AppData/Local/Arduino15/packages/STMicroelectronics/tools/xpack-arm-none-eabi-gcc/14.2.1-1.1/bin/../lib/gcc/arm-none-eabi/14.2.1/../../../../arm-none-eabi/lib/thumb/v7e-m+fp/hard\libc_nano.a(libc_a-freer.o)
                0x08001e38                _free_r
 .text.__malloc_lock
                0x08001ecc        0xc C:/Users/Danish/AppData/Local/Arduino15/packages/STMicroelectronics/tools/xpack-arm-none-eabi-gcc/14.2.1-1.1/bin/../lib/gcc/arm-none-eabi/14.2.1/../../../../arm-none-eabi/lib/thumb/v7e-m+fp/hard\libc_nano.a(libc_a-mlock.o)
                0x08001ecc                __malloc_lock
 .text.__malloc_unlock
                0x08001ed8        0xc C:/Users/Danish/AppData/Local/Arduino15/packages/STMicroelectronics/tools/xpack-arm-none-eabi-gcc/14.2.1-1.1/bin/../lib/gcc/arm-none-eabi/14.2.1/../../../../arm-none-eabi/lib/thumb/v7e-m+fp/hard\libc_nano.a(libc_a-mlock.o)
                0x08001ed8                __malloc_unlock
 .text.free     0x08001ee4       0x10 C:/Users/Danish/AppData/Local/Arduino15/packages/STMicroelectronics/tools/xpack-arm-none-eabi-gcc/14.2.1-1.1/bin/../lib/gcc/arm-none-eabi/14.2.1/../../../../arm-none-eabi/lib/thumb/v7e-m+fp/hard\libc_nano.a(libc_a-malloc.o)
                0x08001ee4                free
 .text.abort    0x08001ef4        0xe C:/Users/Danish/AppData/Local/Arduino15/packages/STMicroelectronics/tools/xpack-arm-none-eabi-gcc/14.2.1-1.1/bin/../lib/gcc/arm-none-eabi/14.2.1/../../../../arm-none-eabi/lib/thumb/v7e-m+fp/hard\libc_nano.a(libc_a-abort.o)
                0x08001ef4                abort
 .text._raise_r
                0x08001f02       0x50 C:/Users/Danish/AppData/Local/Arduino15/packages/STMicroelectronics/tools/xpack-arm-none-eabi-gcc/14.2.1-1.1/bin/../lib/gcc/arm-none-eabi/14.2.1/../../../../arm-none-eabi/lib/thumb/v7e-m+fp/hard\libc_nano.a(libc_a-signal.o)
                0x08001f02                _raise_r
 *fill*         0x08001f52        0x2 
 .text.raise    0x08001f54       0x10 C:/Users/Danish/AppData/Local/Arduino15/packages/STMicroelectronics/tools/xpack-arm-none-eabi-gcc/14.2.1-1.1/bin/../lib/gcc/arm-none-eabi/14.2.1/../../../../arm-none-eabi/lib/thumb/v7e-m+fp/hard\libc_nano.a(libc_a-signal.o)
                0x08001f54                raise
 .text._kill_r  0x08001f64       0x24 C:/Users/Danish/AppData/Local/Arduino15/packages/STMicroelectronics/tools/xpack-arm-none-eabi-gcc/14.2.1-1.1/bin/../lib/gcc/arm-none-eabi/14.2.1/../../../../arm-none-eabi/lib/thumb/v7e-m+fp/hard\libc_nano.a(libc_a-signalr.o)
                0x08001f64                _kill_r
 .text._getpid_r
                0x08001f88        0x4 C:/Users/Danish/AppData/Local/Arduino15/packages/STMicroelectronics/tools/xpack-arm-none-eabi-gcc/14.2.1-1.1/bin/../lib/gcc/arm-none-eabi/14.2.1/../../../../arm-none-eabi/lib/thumb/v7e-m+fp/hard\libc_nano.a(libc_a-signalr.o)
                0x08001f88                _getpid_r
 .text.__udivmoddi4
                0x08001f8c      0x2f8 C:/Users/Danish/AppData/Local/Arduino15/packages/STMicroelectronics/tools/xpack-arm-none-eabi-gcc/14.2.1-1.1/bin/../lib/gcc/arm-none-eabi/14.2.1/thumb/v7e-m+fp/hard\libgcc.a(_udivmoddi4.o)
                0x08001f8c                __udivmoddi4
 .text.unlikely._ZSt25__throw_bad_function_callv
                0x08002284        0x6 C:/Users/Danish/AppData/Local/Arduino15/packages/STMicroelectronics/tools/xpack-arm-none-eabi-gcc/14.2.1-1.1/bin/../lib/gcc/arm-none-eabi/14.2.1/../../../../arm-none-eabi/lib/thumb/v7e-m+fp/hard\libstdc++_nano.a(functional.o)
                0x08002284                std::__throw_bad_function_call()
 *(.glue_7)
 .glue_7        0x0800228a        0x0 linker stubs
 *(.glue_7t)
 .glue_7t       0x0800228a        0x0 linker stubs
 *(.eh_frame)
 *fill*         0x0800228a        0x2 
 .eh_frame      0x0800228c        0x0 C:/Users/Danish/AppData/Local/Arduino15/packages/STMicroelectronics/tools/xpack-arm-none-eabi-gcc/14.2.1-1.1/bin/../lib/gcc/arm-none-eabi/14.2.1/thumb/v7e-m+fp/hard/crtbegin.o
 *(.init)
 .init          0x0800228c        0x4 C:/Users/Danish/AppData/Local/Arduino15/packages/STMicroelectronics/tools/xpack-arm-none-eabi-gcc/14.2.1-1.1/bin/../lib/gcc/arm-none-eabi/14.2.1/thumb/v7e-m+fp/hard/crti.o
                0x0800228c                _init
 .init          0x08002290        0x8 C:/Users/Danish/AppData/Local/Arduino15/packages/STMicroelectronics/tools/xpack-arm-none-eabi-gcc/14.2.1-1.1/bin/../lib/gcc/arm-none-eabi/14.2.1/thumb/v7e-m+fp/hard/crtn.o
 *(.fini)
 .fini          0x08002298        0x4 C:/Users/Danish/AppData/Local/Arduino15/packages/STMicroelectronics/tools/xpack-arm-none-eabi-gcc/14.2.1-1.1/bin/../lib/gcc/arm-none-eabi/14.2.1/thumb/v7e-m+fp/hard/crti.o
                0x08002298                _fini
 .fini          0x0800229c        0x8 C:/Users/Danish/AppData/Local/Arduino15/packages/STMicroelectronics/tools/xpack-arm-none-eabi-gcc/14.2.1-1.1/bin/../lib/gcc/arm-none-eabi/14.2.1/thumb/v7e-m+fp/hard/crtn.o
                0x080022a4                        . = ALIGN (0x4)
                0x080022a4                        _etext = .

.vfp11_veneer   0x080022a4        0x0
 .vfp11_veneer  0x080022a4        0x0 linker stubs

.v4_bx          0x080022a4        0x0
 .v4_bx         0x080022a4        0x0 linker stubs

.iplt           0x080022a4        0x0
 .iplt          0x080022a4        0x0 C:/Users/Danish/AppData/Local/Arduino15/packages/STMicroelectronics/tools/xpack-arm-none-eabi-gcc/14.2.1-1.1/bin/../lib/gcc/arm-none-eabi/14.2.1/thumb/v7e-m+fp/hard/crtbegin.o

.rodata         0x080022a4      0x380
                0x080022a4                        . = ALIGN (0x4)
 *(.rodata)
 .rodata        0x080022a4      0x234 C:\Users\Danish\AppData\Local\Temp\ccc2D9Ye.ltrans0.ltrans.o
 *(.rodata*)
 .rodata.str1.1
                0x080024d8      0x14a C:\Users\Danish\AppData\Local\Temp\ccc2D9Ye.ltrans0.ltrans.o
                0x08002624                        . = ALIGN (0x4)
 *fill*         0x08002622        0x2 

.ARM.extab      0x08002624        0x0
                0x08002624                        . = ALIGN (0x4)
 *(.ARM.extab* .gnu.linkonce.armextab.*)
                0x08002624                        . = ALIGN (0x4)

.ARM            0x08002624        0x8
                0x08002624                        . = ALIGN (0x4)
                0x08002624                        __exidx_start = .
 *(.ARM.exidx*)
 .ARM.exidx.text.__udivmoddi4
                0x08002624        0x8 C:/Users/Danish/AppData/Local/Arduino15/packages/STMicroelectronics/tools/xpack-arm-none-eabi-gcc/14.2.1-1.1/bin/../lib/gcc/arm-none-eabi/14.2.1/thumb/v7e-m+fp/hard\libgcc.a(_udivmoddi4.o)
                0x0800262c                        __exidx_end = .
                0x0800262c                        . = ALIGN (0x4)

.preinit_array  0x0800262c        0x0
                0x0800262c                        . = ALIGN (0x4)
                0x0800262c                        PROVIDE (__preinit_array_start = .)
 *(.preinit_array*)
                0x0800262c                        PROVIDE (__preinit_array_end = .)
                0x0800262c                        . = ALIGN (0x4)

.init_array     0x0800262c        0xc
                0x0800262c                        . = ALIGN (0x4)
                0x0800262c                        PROVIDE (__init_array_start = .)
 *(SORT_BY_NAME(.init_array.*))
 .init_array.00101
                0x0800262c        0x4 C:\Users\Danish\AppData\Local\Temp\ccc2D9Ye.ltrans0.ltrans.o
 *(.init_array*)
 .init_array    0x08002630        0x4 C:/Users/Danish/AppData/Local/Arduino15/packages/STMicroelectronics/tools/xpack-arm-none-eabi-gcc/14.2.1-1.1/bin/../lib/gcc/arm-none-eabi/14.2.1/thumb/v7e-m+fp/hard/crtbegin.o
 .init_array    0x08002634        0x4 C:\Users\Danish\AppData\Local\Temp\ccc2D9Ye.ltrans0.ltrans.o
                0x08002638                        PROVIDE (__init_array_end = .)
                0x08002638                        . = ALIGN (0x4)

.fini_array     0x08002638        0x8
                0x08002638                        . = ALIGN (0x4)
                0x08002638                        PROVIDE (__fini_array_start = .)
 *(SORT_BY_NAME(.fini_array.*))
 *(.fini_array*)
 .fini_array    0x08002638        0x4 C:/Users/Danish/AppData/Local/Arduino15/packages/STMicroelectronics/tools/xpack-arm-none-eabi-gcc/14.2.1-1.1/bin/../lib/gcc/arm-none-eabi/14.2.1/thumb/v7e-m+fp/hard/crtbegin.o
 .fini_array    0x0800263c        0x4 C:\Users\Danish\AppData\Local\Temp\ccc2D9Ye.ltrans0.ltrans.o
                0x08002640                        PROVIDE (__fini_array_end = .)
                0x08002640                        . = ALIGN (0x4)
                0x08002640                        _sidata = LOADADDR (.data)

.rel.dyn        0x08002640        0x0
 .rel.iplt      0x08002640        0x0 C:/Users/Danish/AppData/Local/Arduino15/packages/STMicroelectronics/tools/xpack-arm-none-eabi-gcc/14.2.1-1.1/bin/../lib/gcc/arm-none-eabi/14.2.1/thumb/v7e-m+fp/hard/crtbegin.o

.data           0x20000000       0xd0 load address 0x08002640
                0x20000000                        . = ALIGN (0x4)
                0x20000000                        _sdata = .
 *(.data)
 .data          0x20000000       0x80 C:\Users\Danish\AppData\Local\Temp\ccc2D9Ye.ltrans0.ltrans.o
 *(.data*)
 .data._impure_ptr
                0x20000080        0x4 C:/Users/Danish/AppData/Local/Arduino15/packages/STMicroelectronics/tools/xpack-arm-none-eabi-gcc/14.2.1-1.1/bin/../lib/gcc/arm-none-eabi/14.2.1/../../../../arm-none-eabi/lib/thumb/v7e-m+fp/hard\libc_nano.a(libc_a-impure.o)
                0x20000080                _impure_ptr
 .data._impure_data
                0x20000084       0x4c C:/Users/Danish/AppData/Local/Arduino15/packages/STMicroelectronics/tools/xpack-arm-none-eabi-gcc/14.2.1-1.1/bin/../lib/gcc/arm-none-eabi/14.2.1/../../../../arm-none-eabi/lib/thumb/v7e-m+fp/hard\libc_nano.a(libc_a-impure.o)
                0x20000084                _impure_data
 *(.RamFunc)
 *(.RamFunc*)
                0x200000d0                        . = ALIGN (0x4)
                0x200000d0                        _edata = .

.igot.plt       0x200000d0        0x0 load address 0x08002710
 .igot.plt      0x200000d0        0x0 C:/Users/Danish/AppData/Local/Arduino15/packages/STMicroelectronics/tools/xpack-arm-none-eabi-gcc/14.2.1-1.1/bin/../lib/gcc/arm-none-eabi/14.2.1/thumb/v7e-m+fp/hard/crtbegin.o
                0x200000d0                        . = ALIGN (0x4)

.bss            0x200000d0      0x3dc load address 0x08002710
                0x200000d0                        _sbss = .
                0x200000d0                        __bss_start__ = _sbss
 *(.bss)
 .bss           0x200000d0      0x27c C:\Users\Danish\AppData\Local\Temp\ccc2D9Ye.ltrans0.ltrans.o
 *(.bss*)
 .bss.completed.1
                0x2000034c        0x1 C:/Users/Danish/AppData/Local/Arduino15/packages/STMicroelectronics/tools/xpack-arm-none-eabi-gcc/14.2.1-1.1/bin/../lib/gcc/arm-none-eabi/14.2.1/thumb/v7e-m+fp/hard/crtbegin.o
 *fill*         0x2000034d        0x3 
 .bss.object.0  0x20000350       0x18 C:/Users/Danish/AppData/Local/Arduino15/packages/STMicroelectronics/tools/xpack-arm-none-eabi-gcc/14.2.1-1.1/bin/../lib/gcc/arm-none-eabi/14.2.1/thumb/v7e-m+fp/hard/crtbegin.o
 .bss.__sf      0x20000368      0x138 C:/Users/Danish/AppData/Local/Arduino15/packages/STMicroelectronics/tools/xpack-arm-none-eabi-gcc/14.2.1-1.1/bin/../lib/gcc/arm-none-eabi/14.2.1/../../../../arm-none-eabi/lib/thumb/v7e-m+fp/hard\libc_nano.a(libc_a-findfp.o)
                0x20000368                __sf
 .bss.errno     0x200004a0        0x4 C:/Users/Danish/AppData/Local/Arduino15/packages/STMicroelectronics/tools/xpack-arm-none-eabi-gcc/14.2.1-1.1/bin/../lib/gcc/arm-none-eabi/14.2.1/../../../../arm-none-eabi/lib/thumb/v7e-m+fp/hard\libc_nano.a(libc_a-reent.o)
                0x200004a0                errno
 .bss.__lock___malloc_recursive_mutex
                0x200004a4        0x1 C:/Users/Danish/AppData/Local/Arduino15/packages/STMicroelectronics/tools/xpack-arm-none-eabi-gcc/14.2.1-1.1/bin/../lib/gcc/arm-none-eabi/14.2.1/../../../../arm-none-eabi/lib/thumb/v7e-m+fp/hard\libc_nano.a(libc_a-lock.o)
                0x200004a4                __lock___malloc_recursive_mutex
 *fill*         0x200004a5        0x3 
 .bss.__malloc_free_list
                0x200004a8        0x4 C:/Users/Danish/AppData/Local/Arduino15/packages/STMicroelectronics/tools/xpack-arm-none-eabi-gcc/14.2.1-1.1/bin/../lib/gcc/arm-none-eabi/14.2.1/../../../../arm-none-eabi/lib/thumb/v7e-m+fp/hard\libc_nano.a(libc_a-mallocr.o)
                0x200004a8                __malloc_free_list
 *(COMMON)
                0x200004ac                        . = ALIGN (0x4)
                0x200004ac                        _ebss = .
                0x200004ac                        __bss_end__ = _ebss
LOAD C:/Users/Danish/AppData/Local/Arduino15/packages/STMicroelectronics/tools/xpack-arm-none-eabi-gcc/14.2.1-1.1/bin/../lib/gcc/arm-none-eabi/14.2.1/thumb/v7e-m+fp/hard/crti.o
LOAD C:/Users/Danish/AppData/Local/Arduino15/packages/STMicroelectronics/tools/xpack-arm-none-eabi-gcc/14.2.1-1.1/bin/../lib/gcc/arm-none-eabi/14.2.1/thumb/v7e-m+fp/hard/crtbegin.o
LOAD C:/Users/Danish/AppData/Local/Arduino15/packages/STMicroelectronics/tools/xpack-arm-none-eabi-gcc/14.2.1-1.1/bin/../lib/gcc/arm-none-eabi/14.2.1/../../../../arm-none-eabi/lib/thumb/v7e-m+fp/hard/crt0.o
                0x00000000                        LD_FLASH_OFFSET = 0x0
                0x00100000                        LD_MAX_SIZE = 0x100000
                0x00020000                        LD_MAX_DATA_SIZE = 0x20000

.noinit         0x200004ac        0x0
                0x200004ac                        . = ALIGN (0x4)
                0x200004ac                        _snoinit = .
 *(.noinit)
 *(.noinit*)
                0x200004ac                        . = ALIGN (0x4)
                0x200004ac                        _enoinit = .

._user_heap_stack
                0x200004ac      0x604
                0x200004b0                        . = ALIGN (0x8)
 *fill*         0x200004ac        0x4 
                [!provide]                        PROVIDE (end = .)
                0x200004b0                        PROVIDE (_end = .)
                0x200006b0                        . = (. + _Min_Heap_Size)
 *fill*         0x200004b0      0x200 
                0x20000ab0                        . = (. + _Min_Stack_Size)
 *fill*         0x200006b0      0x400 
                0x20000ab0                        . = ALIGN (0x8)

/DISCARD/
 libc.a(*)
 libm.a(*)
 libgcc.a(*)

.ARM.attributes
                0x00000000       0x30
 *(.ARM.attributes)
 .ARM.attributes
                0x00000000       0x22 C:/Users/Danish/AppData/Local/Arduino15/packages/STMicroelectronics/tools/xpack-arm-none-eabi-gcc/14.2.1-1.1/bin/../lib/gcc/arm-none-eabi/14.2.1/thumb/v7e-m+fp/hard/crti.o
 .ARM.attributes
                0x00000022       0x34 C:/Users/Danish/AppData/Local/Arduino15/packages/STMicroelectronics/tools/xpack-arm-none-eabi-gcc/14.2.1-1.1/bin/../lib/gcc/arm-none-eabi/14.2.1/thumb/v7e-m+fp/hard/crtbegin.o
 .ARM.attributes
                0x00000056       0x32 C:\Users\Danish\AppData\Local\Temp\ccc2D9Ye.ltrans0.ltrans.o
 .ARM.attributes
                0x00000088       0x21 C:\Users\Danish\AppData\Local\arduino\cores\398493dfa1eccccc0a5e5b56b53f8687\core.a(startup_stm32yyxx.S.o)
 .ARM.attributes
                0x000000a9       0x34 C:/Users/Danish/AppData/Local/Arduino15/packages/STMicroelectronics/tools/xpack-arm-none-eabi-gcc/14.2.1-1.1/bin/../lib/gcc/arm-none-eabi/14.2.1/../../../../arm-none-eabi/lib/thumb/v7e-m+fp/hard\libc_nano.a(libc_a-findfp.o)
 .ARM.attributes
                0x000000dd       0x34 C:/Users/Danish/AppData/Local/Arduino15/packages/STMicroelectronics/tools/xpack-arm-none-eabi-gcc/14.2.1-1.1/bin/../lib/gcc/arm-none-eabi/14.2.1/../../../../arm-none-eabi/lib/thumb/v7e-m+fp/hard\libc_nano.a(libc_a-memset.o)
 .ARM.attributes
                0x00000111       0x34 C:/Users/Danish/AppData/Local/Arduino15/packages/STMicroelectronics/tools/xpack-arm-none-eabi-gcc/14.2.1-1.1/bin/../lib/gcc/arm-none-eabi/14.2.1/../../../../arm-none-eabi/lib/thumb/v7e-m+fp/hard\libc_nano.a(libc_a-reent.o)
 .ARM.attributes
                0x00000145       0x34 C:/Users/Danish/AppData/Local/Arduino15/packages/STMicroelectronics/tools/xpack-arm-none-eabi-gcc/14.2.1-1.1/bin/../lib/gcc/arm-none-eabi/14.2.1/../../../../arm-none-eabi/lib/thumb/v7e-m+fp/hard\libc_nano.a(libc_a-impure.o)
 .ARM.attributes
                0x00000179       0x34 C:/Users/Danish/AppData/Local/Arduino15/packages/STMicroelectronics/tools/xpack-arm-none-eabi-gcc/14.2.1-1.1/bin/../lib/gcc/arm-none-eabi/14.2.1/../../../../arm-none-eabi/lib/thumb/v7e-m+fp/hard\libc_nano.a(libc_a-init.o)
 .ARM.attributes
                0x000001ad       0x34 C:/Users/Danish/AppData/Local/Arduino15/packages/STMicroelectronics/tools/xpack-arm-none-eabi-gcc/14.2.1-1.1/bin/../lib/gcc/arm-none-eabi/14.2.1/../../../../arm-none-eabi/lib/thumb/v7e-m+fp/hard\libc_nano.a(libc_a-lock.o)
 .ARM.attributes
                0x000001e1       0x34 C:/Users/Danish/AppData/Local/Arduino15/packages/STMicroelectronics/tools/xpack-arm-none-eabi-gcc/14.2.1-1.1/bin/../lib/gcc/arm-none-eabi/14.2.1/../../../../arm-none-eabi/lib/thumb/v7e-m+fp/hard\libc_nano.a(libc_a-memcpy-stub.o)
 .ARM.attributes
                0x00000215       0x34 C:/Users/Danish/AppData/Local/Arduino15/packages/STMicroelectronics/tools/xpack-arm-none-eabi-gcc/14.2.1-1.1/bin/../lib/gcc/arm-none-eabi/14.2.1/../../../../arm-none-eabi/lib/thumb/v7e-m+fp/hard\libc_nano.a(libc_a-freer.o)
 .ARM.attributes
                0x00000249       0x34 C:/Users/Danish/AppData/Local/Arduino15/packages/STMicroelectronics/tools/xpack-arm-none-eabi-gcc/14.2.1-1.1/bin/../lib/gcc/arm-none-eabi/14.2.1/../../../../arm-none-eabi/lib/thumb/v7e-m+fp/hard\libc_nano.a(libc_a-mallocr.o)
 .ARM.attributes
                0x0000027d       0x34 C:/Users/Danish/AppData/Local/Arduino15/packages/STMicroelectronics/tools/xpack-arm-none-eabi-gcc/14.2.1-1.1/bin/../lib/gcc/arm-none-eabi/14.2.1/../../../../arm-none-eabi/lib/thumb/v7e-m+fp/hard\libc_nano.a(libc_a-mlock.o)
 .ARM.attributes
                0x000002b1       0x34 C:/Users/Danish/AppData/Local/Arduino15/packages/STMicroelectronics/tools/xpack-arm-none-eabi-gcc/14.2.1-1.1/bin/../lib/gcc/arm-none-eabi/14.2.1/../../../../arm-none-eabi/lib/thumb/v7e-m+fp/hard\libc_nano.a(libc_a-malloc.o)
 .ARM.attributes
                0x000002e5       0x34 C:/Users/Danish/AppData/Local/Arduino15/packages/STMicroelectronics/tools/xpack-arm-none-eabi-gcc/14.2.1-1.1/bin/../lib/gcc/arm-none-eabi/14.2.1/../../../../arm-none-eabi/lib/thumb/v7e-m+fp/hard\libc_nano.a(libc_a-abort.o)
 .ARM.attributes
                0x00000319       0x34 C:/Users/Danish/AppData/Local/Arduino15/packages/STMicroelectronics/tools/xpack-arm-none-eabi-gcc/14.2.1-1.1/bin/../lib/gcc/arm-none-eabi/14.2.1/../../../../arm-none-eabi/lib/thumb/v7e-m+fp/hard\libc_nano.a(libc_a-signal.o)
 .ARM.attributes
                0x0000034d       0x34 C:/Users/Danish/AppData/Local/Arduino15/packages/STMicroelectronics/tools/xpack-arm-none-eabi-gcc/14.2.1-1.1/bin/../lib/gcc/arm-none-eabi/14.2.1/../../../../arm-none-eabi/lib/thumb/v7e-m+fp/hard\libc_nano.a(libc_a-signalr.o)
 .ARM.attributes
                0x00000381       0x22 C:/Users/Danish/AppData/Local/Arduino15/packages/STMicroelectronics/tools/xpack-arm-none-eabi-gcc/14.2.1-1.1/bin/../lib/gcc/arm-none-eabi/14.2.1/thumb/v7e-m+fp/hard\libgcc.a(_aeabi_uldivmod.o)
 .ARM.attributes
                0x000003a3       0x34 C:/Users/Danish/AppData/Local/Arduino15/packages/STMicroelectronics/tools/xpack-arm-none-eabi-gcc/14.2.1-1.1/bin/../lib/gcc/arm-none-eabi/14.2.1/thumb/v7e-m+fp/hard\libgcc.a(_udivmoddi4.o)
 .ARM.attributes
                0x000003d7       0x22 C:/Users/Danish/AppData/Local/Arduino15/packages/STMicroelectronics/tools/xpack-arm-none-eabi-gcc/14.2.1-1.1/bin/../lib/gcc/arm-none-eabi/14.2.1/thumb/v7e-m+fp/hard\libgcc.a(_dvmd_tls.o)
 .ARM.attributes
                0x000003f9       0x34 C:/Users/Danish/AppData/Local/Arduino15/packages/STMicroelectronics/tools/xpack-arm-none-eabi-gcc/14.2.1-1.1/bin/../lib/gcc/arm-none-eabi/14.2.1/../../../../arm-none-eabi/lib/thumb/v7e-m+fp/hard\libstdc++_nano.a(functional.o)
 .ARM.attributes
                0x0000042d       0x22 C:/Users/Danish/AppData/Local/Arduino15/packages/STMicroelectronics/tools/xpack-arm-none-eabi-gcc/14.2.1-1.1/bin/../lib/gcc/arm-none-eabi/14.2.1/thumb/v7e-m+fp/hard/crtn.o
OUTPUT(C:\Users\Danish\AppData\Local\arduino\sketches\3BB409F85BB5789A4E74F8381CE124BA/periph_test.ino.elf elf32-littlearm)
LOAD linker stubs
LOAD C:/Users/Danish/AppData/Local/Arduino15/packages/STMicroelectronics/tools/xpack-arm-none-eabi-gcc/14.2.1-1.1/bin/../lib/gcc/arm-none-eabi/14.2.1/../../../../arm-none-eabi/lib/thumb/v7e-m+fp/hard\libc.a
LOAD C:/Users/Danish/AppData/Local/Arduino15/packages/STMicroelectronics/tools/xpack-arm-none-eabi-gcc/14.2.1-1.1/bin/../lib/gcc/arm-none-eabi/14.2.1/../../../../arm-none-eabi/lib/thumb/v7e-m+fp/hard\libm.a
LOAD C:/Users/Danish/AppData/Local/Arduino15/packages/STMicroelectronics/tools/xpack-arm-none-eabi-gcc/14.2.1-1.1/bin/../lib/gcc/arm-none-eabi/14.2.1/thumb/v7e-m+fp/hard\libgcc.a

.comment        0x00000000       0x39
 .comment       0x00000000       0x39 C:/Users/Danish/AppData/Local/Arduino15/packages/STMicroelectronics/tools/xpack-arm-none-eabi-gcc/14.2.1-1.1/bin/../lib/gcc/arm-none-eabi/14.2.1/thumb/v7e-m+fp/hard/crtbegin.o
                                 0x3a (size before relaxing)
 .comment       0x00000039       0x3a C:\Users\Danish\AppData\Local\Temp\ccc2D9Ye.ltrans0.ltrans.o
 .comment       0x00000039       0x3a C:/Users/Danish/AppData/Local/Arduino15/packages/STMicroelectronics/tools/xpack-arm-none-eabi-gcc/14.2.1-1.1/bin/../lib/gcc/arm-none-eabi/14.2.1/../../../../arm-none-eabi/lib/thumb/v7e-m+fp/hard\libc_nano.a(libc_a-findfp.o)
 .comment       0x00000039       0x3a C:/Users/Danish/AppData/Local/Arduino15/packages/STMicroelectronics/tools/xpack-arm-none-eabi-gcc/14.2.1-1.1/bin/../lib/gcc/arm-none-eabi/14.2.1/../../../../arm-none-eabi/lib/thumb/v7e-m+fp/hard\libc_nano.a(libc_a-memset.o)
 .comment       0x00000039       0x3a C:/Users/Danish/AppData/Local/Arduino15/packages/STMicroelectronics/tools/xpack-arm-none-eabi-gcc/14.2.1-1.1/bin/../lib/gcc/arm-none-eabi/14.2.1/../../../../arm-none-eabi/lib/thumb/v7e-m+fp/hard\libc_nano.a(libc_a-reent.o)
 .comment       0x00000039       0x3a C:/Users/Danish/AppData/Local/Arduino15/packages/STMicroelectronics/tools/xpack-arm-none-eabi-gcc/14.2.1-1.1/bin/../lib/gcc/arm-none-eabi/14.2.1/../../../../arm-none-eabi/lib/thumb/v7e-m+fp/hard\libc_nano.a(libc_a-impure.o)
 .comment       0x00000039       0x3a C:/Users/Danish/AppData/Local/Arduino15/packages/STMicroelectronics/tools/xpack-arm-none-eabi-gcc/14.2.1-1.1/bin/../lib/gcc/arm-none-eabi/14.2.1/../../../../arm-none-eabi/lib/thumb/v7e-m+fp/hard\libc_nano.a(libc_a-init.o)
 .comment       0x00000039       0x3a C:/Users/Danish/AppData/Local/Arduino15/packages/STMicroelectronics/tools/xpack-arm-none-eabi-gcc/14.2.1-1.1/bin/../lib/gcc/arm-none-eabi/14.2.1/../../../../arm-none-eabi/lib/thumb/v7e-m+fp/hard\libc_nano.a(libc_a-lock.o)
 .comment       0x00000039       0x3a C:/Users/Danish/AppData/Local/Arduino15/packages/STMicroelectronics/tools/xpack-arm-none-eabi-gcc/14.2.1-1.1/bin/../lib/gcc/arm-none-eabi/14.2.1/../../../../arm-none-eabi/lib/thumb/v7e-m+fp/hard\libc_nano.a(libc_a-memcpy-stub.o)
 .comment       0x00000039       0x3a C:/Users/Danish/AppData/Local/Arduino15/packages/STMicroelectronics/tools/xpack-arm-none-eabi-gcc/14.2.1-1.1/bin/../lib/gcc/arm-none-eabi/14.2.1/../../../../arm-none-eabi/lib/thumb/v7e-m+fp/hard\libc_nano.a(libc_a-freer.o)
 .comment       0x00000039       0x3a C:/Users/Danish/AppData/Local/Arduino15/packages/STMicroelectronics/tools/xpack-arm-none-eabi-gcc/14.2.1-1.1/bin/../lib/gcc/arm-none-eabi/14.2.1/../../../../arm-none-eabi/lib/thumb/v7e-m+fp/hard\libc_nano.a(libc_a-mallocr.o)
 .comment       0x00000039       0x3a C:/Users/Danish/AppData/Local/Arduino15/packages/STMicroelectronics/tools/xpack-arm-none-eabi-gcc/14.2.1-1.1/bin/../lib/gcc/arm-none-eabi/14.2.1/../../../../arm-none-eabi/lib/thumb/v7e-m+fp/hard\libc_nano.a(libc_a-mlock.o)
 .comment       0x00000039       0x3a C:/Users/Danish/AppData/Local/Arduino15/packages/STMicroelectronics/tools/xpack-arm-none-eabi-gcc/14.2.1-1.1/bin/../lib/gcc/arm-none-eabi/14.2.1/../../../../arm-none-eabi/lib/thumb/v7e-m+fp/hard\libc_nano.a(libc_a-malloc.o)
 .comment       0x00000039       0x3a C:/Users/Danish/AppData/Local/Arduino15/packages/STMicroelectronics/tools/xpack-arm-none-eabi-gcc/14.2.1-1.1/bin/../lib/gcc/arm-none-eabi/14.2.1/../../../../arm-none-eabi/lib/thumb/v7e-m+fp/hard\libc_nano.a(libc_a-abort.o)
 .comment       0x00000039       0x3a C:/Users/Danish/AppData/Local/Arduino15/packages/STMicroelectronics/tools/xpack-arm-none-eabi-gcc/14.2.1-1.1/bin/../lib/gcc/arm-none-eabi/14.2.1/../../../../arm-none-eabi/lib/thumb/v7e-m+fp/hard\libc_nano.a(libc_a-signal.o)
 .comment       0x00000039       0x3a C:/Users/Danish/AppData/Local/Arduino15/packages/STMicroelectronics/tools/xpack-arm-none-eabi-gcc/14.2.1-1.1/bin/../lib/gcc/arm-none-eabi/14.2.1/../../../../arm-none-eabi/lib/thumb/v7e-m+fp/hard\libc_nano.a(libc_a-signalr.o)
 .comment       0x00000039       0x3a C:/Users/Danish/AppData/Local/Arduino15/packages/STMicroelectronics/tools/xpack-arm-none-eabi-gcc/14.2.1-1.1/bin/../lib/gcc/arm-none-eabi/14.2.1/thumb/v7e-m+fp/hard\libgcc.a(_udivmoddi4.o)
 .comment       0x00000039       0x3a C:/Users/Danish/AppData/Local/Arduino15/packages/STMicroelectronics/tools/xpack-arm-none-eabi-gcc/14.2.1-1.1/bin/../lib/gcc/arm-none-eabi/14.2.1/../../../../arm-none-eabi/lib/thumb/v7e-m+fp/hard\libstdc++_nano.a(functional.o)

.debug_line     0x00000000      0x6bd
 .debug_line    0x00000000       0x4e C:/Users/Danish/AppData/Local/Arduino15/packages/STMicroelectronics/tools/xpack-arm-none-eabi-gcc/14.2.1-1.1/bin/../lib/gcc/arm-none-eabi/14.2.1/thumb/v7e-m+fp/hard\libgcc.a(_aeabi_uldivmod.o)
 .debug_line    0x0000004e      0x625 C:/Users/Danish/AppData/Local/Arduino15/packages/STMicroelectronics/tools/xpack-arm-none-eabi-gcc/14.2.1-1.1/bin/../lib/gcc/arm-none-eabi/14.2.1/thumb/v7e-m+fp/hard\libgcc.a(_udivmoddi4.o)
 .debug_line    0x00000673       0x4a C:/Users/Danish/AppData/Local/Arduino15/packages/STMicroelectronics/tools/xpack-arm-none-eabi-gcc/14.2.1-1.1/bin/../lib/gcc/arm-none-eabi/14.2.1/thumb/v7e-m+fp/hard\libgcc.a(_dvmd_tls.o)

.debug_line_str
                0x00000000      0x138
 .debug_line_str
                0x00000000      0x138 C:/Users/Danish/AppData/Local/Arduino15/packages/STMicroelectronics/tools/xpack-arm-none-eabi-gcc/14.2.1-1.1/bin/../lib/gcc/arm-none-eabi/14.2.1/thumb/v7e-m+fp/hard\libgcc.a(_aeabi_uldivmod.o)
                                0x12c (size before relaxing)
 .debug_line_str
                0x00000138      0x130 C:/Users/Danish/AppData/Local/Arduino15/packages/STMicroelectronics/tools/xpack-arm-none-eabi-gcc/14.2.1-1.1/bin/../lib/gcc/arm-none-eabi/14.2.1/thumb/v7e-m+fp/hard\libgcc.a(_dvmd_tls.o)

.debug_info     0x00000000      0x763
 .debug_info    0x00000000       0x24 C:/Users/Danish/AppData/Local/Arduino15/packages/STMicroelectronics/tools/xpack-arm-none-eabi-gcc/14.2.1-1.1/bin/../lib/gcc/arm-none-eabi/14.2.1/thumb/v7e-m+fp/hard\libgcc.a(_aeabi_uldivmod.o)
 .debug_info    0x00000024      0x703 C:/Users/Danish/AppData/Local/Arduino15/packages/STMicroelectronics/tools/xpack-arm-none-eabi-gcc/14.2.1-1.1/bin/../lib/gcc/arm-none-eabi/14.2.1/thumb/v7e-m+fp/hard\libgcc.a(_udivmoddi4.o)
 .debug_info    0x00000727       0x3c C:/Users/Danish/AppData/Local/Arduino15/packages/STMicroelectronics/tools/xpack-arm-none-eabi-gcc/14.2.1-1.1/bin/../lib/gcc/arm-none-eabi/14.2.1/thumb/v7e-m+fp/hard\libgcc.a(_dvmd_tls.o)

.debug_abbrev   0x00000000      0x1a4
 .debug_abbrev  0x00000000       0x14 C:/Users/Danish/AppData/Local/Arduino15/packages/STMicroelectronics/tools/xpack-arm-none-eabi-gcc/14.2.1-1.1/bin/../lib/gcc/arm-none-eabi/14.2.1/thumb/v7e-m+fp/hard\libgcc.a(_aeabi_uldivmod.o)
 .debug_abbrev  0x00000014      0x16a C:/Users/Danish/AppData/Local/Arduino15/packages/STMicroelectronics/tools/xpack-arm-none-eabi-gcc/14.2.1-1.1/bin/../lib/gcc/arm-none-eabi/14.2.1/thumb/v7e-m+fp/hard\libgcc.a(_udivmoddi4.o)
 .debug_abbrev  0x0000017e       0x26 C:/Users/Danish/AppData/Local/Arduino15/packages/STMicroelectronics/tools/xpack-arm-none-eabi-gcc/14.2.1-1.1/bin/../lib/gcc/arm-none-eabi/14.2.1/thumb/v7e-m+fp/hard\libgcc.a(_dvmd_tls.o)

.debug_aranges  0x00000000       0x60
 .debug_aranges
                0x00000000       0x20 C:/Users/Danish/AppData/Local/Arduino15/packages/STMicroelectronics/tools/xpack-arm-none-eabi-gcc/14.2.1-1.1/bin/../lib/gcc/arm-none-eabi/14.2.1/thumb/v7e-m+fp/hard\libgcc.a(_aeabi_uldivmod.o)
 .debug_aranges
                0x00000020       0x20 C:/Users/Danish/AppData/Local/Arduino15/packages/STMicroelectronics/tools/xpack-arm-none-eabi-gcc/14.2.1-1.1/bin/../lib/gcc/arm-none-eabi/14.2.1/thumb/v7e-m+fp/hard\libgcc.a(_udivmoddi4.o)
 .debug_aranges
                0x00000040       0x20 C:/Users/Danish/AppData/Local/Arduino15/packages/STMicroelectronics/tools/xpack-arm-none-eabi-gcc/14.2.1-1.1/bin/../lib/gcc/arm-none-eabi/14.2.1/thumb/v7e-m+fp/hard\libgcc.a(_dvmd_tls.o)

.debug_str      0x00000000      0x81d
 .debug_str     0x00000000      0x81d C:/Users/Danish/AppData/Local/Arduino15/packages/STMicroelectronics/tools/xpack-arm-none-eabi-gcc/14.2.1-1.1/bin/../lib/gcc/arm-none-eabi/14.2.1/thumb/v7e-m+fp/hard\libgcc.a(_aeabi_uldivmod.o)
                                0x13a (size before relaxing)
 .debug_str     0x0000081d      0x753 C:/Users/Danish/AppData/Local/Arduino15/packages/STMicroelectronics/tools/xpack-arm-none-eabi-gcc/14.2.1-1.1/bin/../lib/gcc/arm-none-eabi/14.2.1/thumb/v7e-m+fp/hard\libgcc.a(_udivmoddi4.o)
 .debug_str     0x0000081d      0x15a C:/Users/Danish/AppData/Local/Arduino15/packages/STMicroelectronics/tools/xpack-arm-none-eabi-gcc/14.2.1-1.1/bin/../lib/gcc/arm-none-eabi/14.2.1/thumb/v7e-m+fp/hard\libgcc.a(_dvmd_tls.o)

.debug_frame    0x00000000       0x60
 .debug_frame   0x00000000       0x2c C:/Users/Danish/AppData/Local/Arduino15/packages/STMicroelectronics/tools/xpack-arm-none-eabi-gcc/14.2.1-1.1/bin/../lib/gcc/arm-none-eabi/14.2.1/thumb/v7e-m+fp/hard\libgcc.a(_aeabi_uldivmod.o)
 .debug_frame   0x0000002c       0x34 C:/Users/Danish/AppData/Local/Arduino15/packages/STMicroelectronics/tools/xpack-arm-none-eabi-gcc/14.2.1-1.1/bin/../lib/gcc/arm-none-eabi/14.2.1/thumb/v7e-m+fp/hard\libgcc.a(_udivmoddi4.o)

.debug_loclists
                0x00000000      0xb15
 .debug_loclists
                0x00000000      0xb15 C:/Users/Danish/AppData/Local/Arduino15/packages/STMicroelectronics/tools/xpack-arm-none-eabi-gcc/14.2.1-1.1/bin/../lib/gcc/arm-none-eabi/14.2.1/thumb/v7e-m+fp/hard\libgcc.a(_udivmoddi4.o)

.debug_rnglists
                0x00000000       0x99
 .debug_rnglists
                0x00000000       0x99 C:/Users/Danish/AppData/Local/Arduino15/packages/STMicroelectronics/tools/xpack-arm-none-eabi-gcc/14.2.1-1.1/bin/../lib/gcc/arm-none-eabi/14.2.1/thumb/v7e-m+fp/hard\libgcc.a(_udivmoddi4.o)

Cross Reference Table

Symbol                                            File
ADC_IRQHandler                                    C:\Users\Danish\AppData\Local\arduino\cores\398493dfa1eccccc0a5e5b56b53f8687\core.a(startup_stm32yyxx.S.o)
AHBPrescTable                                     C:\Users\Danish\AppData\Local\arduino\sketches\3BB409F85BB5789A4E74F8381CE124BA\libraries\SrcWrapper\stm32\system_stm32yyxx.c.o (symbol from plugin)
                                                  C:\Users\Danish\AppData\Local\arduino\sketches\3BB409F85BB5789A4E74F8381CE124BA\libraries\SrcWrapper\LL\stm32yyxx_ll_utils.c.o (symbol from plugin)
                                                  C:\Users\Danish\AppData\Local\arduino\sketches\3BB409F85BB5789A4E74F8381CE124BA\libraries\SrcWrapper\LL\stm32yyxx_ll_rcc.c.o (symbol from plugin)
                                                  C:\Users\Danish\AppData\Local\arduino\sketches\3BB409F85BB5789A4E74F8381CE124BA\libraries\SrcWrapper\HAL\stm32yyxx_hal_rcc.c.o (symbol from plugin)
APBPrescTable                                     C:\Users\Danish\AppData\Local\arduino\sketches\3BB409F85BB5789A4E74F8381CE124BA\libraries\SrcWrapper\stm32\system_stm32yyxx.c.o (symbol from plugin)
                                                  C:\Users\Danish\AppData\Local\arduino\sketches\3BB409F85BB5789A4E74F8381CE124BA\libraries\SrcWrapper\LL\stm32yyxx_ll_rcc.c.o (symbol from plugin)
                                                  C:\Users\Danish\AppData\Local\arduino\sketches\3BB409F85BB5789A4E74F8381CE124BA\libraries\SrcWrapper\HAL\stm32yyxx_hal_rcc.c.o (symbol from plugin)
BusFault_Handler                                  C:\Users\Danish\AppData\Local\arduino\cores\398493dfa1eccccc0a5e5b56b53f8687\core.a(startup_stm32yyxx.S.o)
CAN1_RX0_IRQHandler                               C:\Users\Danish\AppData\Local\arduino\cores\398493dfa1eccccc0a5e5b56b53f8687\core.a(startup_stm32yyxx.S.o)
CAN1_RX1_IRQHandler                               C:\Users\Danish\AppData\Local\arduino\cores\398493dfa1eccccc0a5e5b56b53f8687\core.a(startup_stm32yyxx.S.o)
CAN1_SCE_IRQHandler                               C:\Users\Danish\AppData\Local\arduino\cores\398493dfa1eccccc0a5e5b56b53f8687\core.a(startup_stm32yyxx.S.o)
CAN1_TX_IRQHandler                                C:\Users\Danish\AppData\Local\arduino\cores\398493dfa1eccccc0a5e5b56b53f8687\core.a(startup_stm32yyxx.S.o)
CAN2_RX0_IRQHandler                               C:\Users\Danish\AppData\Local\arduino\cores\398493dfa1eccccc0a5e5b56b53f8687\core.a(startup_stm32yyxx.S.o)
CAN2_RX1_IRQHandler                               C:\Users\Danish\AppData\Local\arduino\cores\398493dfa1eccccc0a5e5b56b53f8687\core.a(startup_stm32yyxx.S.o)
CAN2_SCE_IRQHandler                               C:\Users\Danish\AppData\Local\arduino\cores\398493dfa1eccccc0a5e5b56b53f8687\core.a(startup_stm32yyxx.S.o)
CAN2_TX_IRQHandler                                C:\Users\Danish\AppData\Local\arduino\cores\398493dfa1eccccc0a5e5b56b53f8687\core.a(startup_stm32yyxx.S.o)
DAC_DMAConvCpltCh1                                C:\Users\Danish\AppData\Local\arduino\sketches\3BB409F85BB5789A4E74F8381CE124BA\libraries\SrcWrapper\HAL\stm32yyxx_hal_dac.c.o (symbol from plugin)
DAC_DMAConvCpltCh2                                C:\Users\Danish\AppData\Local\arduino\sketches\3BB409F85BB5789A4E74F8381CE124BA\libraries\SrcWrapper\HAL\stm32yyxx_hal_dac_ex.c.o (symbol from plugin)
                                                  C:\Users\Danish\AppData\Local\arduino\sketches\3BB409F85BB5789A4E74F8381CE124BA\libraries\SrcWrapper\HAL\stm32yyxx_hal_dac.c.o (symbol from plugin)
DAC_DMAErrorCh1                                   C:\Users\Danish\AppData\Local\arduino\sketches\3BB409F85BB5789A4E74F8381CE124BA\libraries\SrcWrapper\HAL\stm32yyxx_hal_dac.c.o (symbol from plugin)
DAC_DMAErrorCh2                                   C:\Users\Danish\AppData\Local\arduino\sketches\3BB409F85BB5789A4E74F8381CE124BA\libraries\SrcWrapper\HAL\stm32yyxx_hal_dac_ex.c.o (symbol from plugin)
                                                  C:\Users\Danish\AppData\Local\arduino\sketches\3BB409F85BB5789A4E74F8381CE124BA\libraries\SrcWrapper\HAL\stm32yyxx_hal_dac.c.o (symbol from plugin)
DAC_DMAHalfConvCpltCh1                            C:\Users\Danish\AppData\Local\arduino\sketches\3BB409F85BB5789A4E74F8381CE124BA\libraries\SrcWrapper\HAL\stm32yyxx_hal_dac.c.o (symbol from plugin)
DAC_DMAHalfConvCpltCh2                            C:\Users\Danish\AppData\Local\arduino\sketches\3BB409F85BB5789A4E74F8381CE124BA\libraries\SrcWrapper\HAL\stm32yyxx_hal_dac_ex.c.o (symbol from plugin)
                                                  C:\Users\Danish\AppData\Local\arduino\sketches\3BB409F85BB5789A4E74F8381CE124BA\libraries\SrcWrapper\HAL\stm32yyxx_hal_dac.c.o (symbol from plugin)
DCMI_IRQHandler                                   C:\Users\Danish\AppData\Local\arduino\cores\398493dfa1eccccc0a5e5b56b53f8687\core.a(startup_stm32yyxx.S.o)
DMA1_Stream0_IRQHandler                           C:\Users\Danish\AppData\Local\arduino\cores\398493dfa1eccccc0a5e5b56b53f8687\core.a(startup_stm32yyxx.S.o)
DMA1_Stream1_IRQHandler                           C:\Users\Danish\AppData\Local\arduino\cores\398493dfa1eccccc0a5e5b56b53f8687\core.a(startup_stm32yyxx.S.o)
DMA1_Stream2_IRQHandler                           C:\Users\Danish\AppData\Local\arduino\cores\398493dfa1eccccc0a5e5b56b53f8687\core.a(startup_stm32yyxx.S.o)
DMA1_Stream3_IRQHandler                           C:\Users\Danish\AppData\Local\arduino\cores\398493dfa1eccccc0a5e5b56b53f8687\core.a(startup_stm32yyxx.S.o)
DMA1_Stream4_IRQHandler                           C:\Users\Danish\AppData\Local\arduino\cores\398493dfa1eccccc0a5e5b56b53f8687\core.a(startup_stm32yyxx.S.o)
DMA1_Stream5_IRQHandler                           C:\Users\Danish\AppData\Local\arduino\cores\398493dfa1eccccc0a5e5b56b53f8687\core.a(startup_stm32yyxx.S.o)
DMA1_Stream6_IRQHandler                           C:\Users\Danish\AppData\Local\arduino\cores\398493dfa1eccccc0a5e5b56b53f8687\core.a(startup_stm32yyxx.S.o)
DMA1_Stream7_IRQHandler                           C:\Users\Danish\AppData\Local\arduino\cores\398493dfa1eccccc0a5e5b56b53f8687\core.a(startup_stm32yyxx.S.o)
DMA2_Stream0_IRQHandler                           C:\Users\Danish\AppData\Local\arduino\cores\398493dfa1eccccc0a5e5b56b53f8687\core.a(startup_stm32yyxx.S.o)
DMA2_Stream1_IRQHandler                           C:\Users\Danish\AppData\Local\arduino\cores\398493dfa1eccccc0a5e5b56b53f8687\core.a(startup_stm32yyxx.S.o)
DMA2_Stream2_IRQHandler                           C:\Users\Danish\AppData\Local\arduino\cores\398493dfa1eccccc0a5e5b56b53f8687\core.a(startup_stm32yyxx.S.o)
DMA2_Stream3_IRQHandler                           C:\Users\Danish\AppData\Local\arduino\cores\398493dfa1eccccc0a5e5b56b53f8687\core.a(startup_stm32yyxx.S.o)
DMA2_Stream4_IRQHandler                           C:\Users\Danish\AppData\Local\arduino\cores\398493dfa1eccccc0a5e5b56b53f8687\core.a(startup_stm32yyxx.S.o)
DMA2_Stream5_IRQHandler                           C:\Users\Danish\AppData\Local\arduino\cores\398493dfa1eccccc0a5e5b56b53f8687\core.a(startup_stm32yyxx.S.o)
DMA2_Stream6_IRQHandler                           C:\Users\Danish\AppData\Local\arduino\cores\398493dfa1eccccc0a5e5b56b53f8687\core.a(startup_stm32yyxx.S.o)
DMA2_Stream7_IRQHandler                           C:\Users\Danish\AppData\Local\arduino\cores\398493dfa1eccccc0a5e5b56b53f8687\core.a(startup_stm32yyxx.S.o)
DebugMon_Handler                                  C:\Users\Danish\AppData\Local\arduino\cores\398493dfa1eccccc0a5e5b56b53f8687\core.a(startup_stm32yyxx.S.o)
Default_Handler                                   C:\Users\Danish\AppData\Local\arduino\cores\398493dfa1eccccc0a5e5b56b53f8687\core.a(startup_stm32yyxx.S.o)
ETH_IRQHandler                                    C:\Users\Danish\AppData\Local\arduino\cores\398493dfa1eccccc0a5e5b56b53f8687\core.a(startup_stm32yyxx.S.o)
ETH_WKUP_IRQHandler                               C:\Users\Danish\AppData\Local\arduino\cores\398493dfa1eccccc0a5e5b56b53f8687\core.a(startup_stm32yyxx.S.o)
EXTI0_IRQHandler                                  C:\Users\Danish\AppData\Local\Temp\ccc2D9Ye.ltrans0.ltrans.o
                                                  C:\Users\Danish\AppData\Local\arduino\cores\398493dfa1eccccc0a5e5b56b53f8687\core.a(startup_stm32yyxx.S.o)
                                                  C:\Users\Danish\AppData\Local\arduino\sketches\3BB409F85BB5789A4E74F8381CE124BA\libraries\SrcWrapper\stm32\interrupt.cpp.o (symbol from plugin)
EXTI15_10_IRQHandler                              C:\Users\Danish\AppData\Local\Temp\ccc2D9Ye.ltrans0.ltrans.o
                                                  C:\Users\Danish\AppData\Local\arduino\cores\398493dfa1eccccc0a5e5b56b53f8687\core.a(startup_stm32yyxx.S.o)
                                                  C:\Users\Danish\AppData\Local\arduino\sketches\3BB409F85BB5789A4E74F8381CE124BA\libraries\SrcWrapper\stm32\interrupt.cpp.o (symbol from plugin)
EXTI1_IRQHandler                                  C:\Users\Danish\AppData\Local\Temp\ccc2D9Ye.ltrans0.ltrans.o
                                                  C:\Users\Danish\AppData\Local\arduino\cores\398493dfa1eccccc0a5e5b56b53f8687\core.a(startup_stm32yyxx.S.o)
                                                  C:\Users\Danish\AppData\Local\arduino\sketches\3BB409F85BB5789A4E74F8381CE124BA\libraries\SrcWrapper\stm32\interrupt.cpp.o (symbol from plugin)
EXTI2_IRQHandler                                  C:\Users\Danish\AppData\Local\Temp\ccc2D9Ye.ltrans0.ltrans.o
                                                  C:\Users\Danish\AppData\Local\arduino\cores\398493dfa1eccccc0a5e5b56b53f8687\core.a(startup_stm32yyxx.S.o)
                                                  C:\Users\Danish\AppData\Local\arduino\sketches\3BB409F85BB5789A4E74F8381CE124BA\libraries\SrcWrapper\stm32\interrupt.cpp.o (symbol from plugin)
EXTI3_IRQHandler                                  C:\Users\Danish\AppData\Local\Temp\ccc2D9Ye.ltrans0.ltrans.o
                                                  C:\Users\Danish\AppData\Local\arduino\cores\398493dfa1eccccc0a5e5b56b53f8687\core.a(startup_stm32yyxx.S.o)
                                                  C:\Users\Danish\AppData\Local\arduino\sketches\3BB409F85BB5789A4E74F8381CE124BA\libraries\SrcWrapper\stm32\interrupt.cpp.o (symbol from plugin)
EXTI4_IRQHandler                                  C:\Users\Danish\AppData\Local\Temp\ccc2D9Ye.ltrans0.ltrans.o
                                                  C:\Users\Danish\AppData\Local\arduino\cores\398493dfa1eccccc0a5e5b56b53f8687\core.a(startup_stm32yyxx.S.o)
                                                  C:\Users\Danish\AppData\Local\arduino\sketches\3BB409F85BB5789A4E74F8381CE124BA\libraries\SrcWrapper\stm32\interrupt.cpp.o (symbol from plugin)
EXTI9_5_IRQHandler                                C:\Users\Danish\AppData\Local\Temp\ccc2D9Ye.ltrans0.ltrans.o
                                                  C:\Users\Danish\AppData\Local\arduino\cores\398493dfa1eccccc0a5e5b56b53f8687\core.a(startup_stm32yyxx.S.o)
                                                  C:\Users\Danish\AppData\Local\arduino\sketches\3BB409F85BB5789A4E74F8381CE124BA\libraries\SrcWrapper\stm32\interrupt.cpp.o (symbol from plugin)
FLASH_Erase_Sector                                C:\Users\Danish\AppData\Local\arduino\sketches\3BB409F85BB5789A4E74F8381CE124BA\libraries\SrcWrapper\HAL\stm32yyxx_hal_flash_ex.c.o (symbol from plugin)
                                                  C:\Users\Danish\AppData\Local\arduino\sketches\3BB409F85BB5789A4E74F8381CE124BA\libraries\SrcWrapper\HAL\stm32yyxx_hal_flash.c.o (symbol from plugin)
FLASH_FlushCaches                                 C:\Users\Danish\AppData\Local\arduino\sketches\3BB409F85BB5789A4E74F8381CE124BA\libraries\SrcWrapper\HAL\stm32yyxx_hal_flash_ex.c.o (symbol from plugin)
                                                  C:\Users\Danish\AppData\Local\arduino\sketches\3BB409F85BB5789A4E74F8381CE124BA\libraries\SrcWrapper\HAL\stm32yyxx_hal_flash.c.o (symbol from plugin)
FLASH_IRQHandler                                  C:\Users\Danish\AppData\Local\arduino\cores\398493dfa1eccccc0a5e5b56b53f8687\core.a(startup_stm32yyxx.S.o)
FLASH_WaitForLastOperation                        C:\Users\Danish\AppData\Local\arduino\sketches\3BB409F85BB5789A4E74F8381CE124BA\libraries\SrcWrapper\HAL\stm32yyxx_hal_flash.c.o (symbol from plugin)
                                                  C:\Users\Danish\AppData\Local\arduino\sketches\3BB409F85BB5789A4E74F8381CE124BA\libraries\SrcWrapper\HAL\stm32yyxx_hal_flash_ex.c.o (symbol from plugin)
FPU_IRQHandler                                    C:\Users\Danish\AppData\Local\arduino\cores\398493dfa1eccccc0a5e5b56b53f8687\core.a(startup_stm32yyxx.S.o)
FSMC_IRQHandler                                   C:\Users\Danish\AppData\Local\arduino\cores\398493dfa1eccccc0a5e5b56b53f8687\core.a(startup_stm32yyxx.S.o)
GPIOPort_list                                     C:\Users\Danish\AppData\Local\arduino\sketches\3BB409F85BB5789A4E74F8381CE124BA\libraries\SrcWrapper\stm32\PortNames.c.o (symbol from plugin)
HAL_ADCEx_InjectedConfigChannel                   C:\Users\Danish\AppData\Local\arduino\sketches\3BB409F85BB5789A4E74F8381CE124BA\libraries\SrcWrapper\HAL\stm32yyxx_hal_adc_ex.c.o (symbol from plugin)
HAL_ADCEx_InjectedConvCpltCallback                C:\Users\Danish\AppData\Local\arduino\sketches\3BB409F85BB5789A4E74F8381CE124BA\libraries\SrcWrapper\HAL\stm32yyxx_hal_adc_ex.c.o (symbol from plugin)
                                                  C:\Users\Danish\AppData\Local\arduino\sketches\3BB409F85BB5789A4E74F8381CE124BA\libraries\SrcWrapper\HAL\stm32yyxx_hal_adc.c.o (symbol from plugin)
HAL_ADCEx_InjectedGetValue                        C:\Users\Danish\AppData\Local\arduino\sketches\3BB409F85BB5789A4E74F8381CE124BA\libraries\SrcWrapper\HAL\stm32yyxx_hal_adc_ex.c.o (symbol from plugin)
HAL_ADCEx_InjectedPollForConversion               C:\Users\Danish\AppData\Local\arduino\sketches\3BB409F85BB5789A4E74F8381CE124BA\libraries\SrcWrapper\HAL\stm32yyxx_hal_adc_ex.c.o (symbol from plugin)
HAL_ADCEx_InjectedStart                           C:\Users\Danish\AppData\Local\arduino\sketches\3BB409F85BB5789A4E74F8381CE124BA\libraries\SrcWrapper\HAL\stm32yyxx_hal_adc_ex.c.o (symbol from plugin)
HAL_ADCEx_InjectedStart_IT                        C:\Users\Danish\AppData\Local\arduino\sketches\3BB409F85BB5789A4E74F8381CE124BA\libraries\SrcWrapper\HAL\stm32yyxx_hal_adc_ex.c.o (symbol from plugin)
HAL_ADCEx_InjectedStop                            C:\Users\Danish\AppData\Local\arduino\sketches\3BB409F85BB5789A4E74F8381CE124BA\libraries\SrcWrapper\HAL\stm32yyxx_hal_adc_ex.c.o (symbol from plugin)
HAL_ADCEx_InjectedStop_IT                         C:\Users\Danish\AppData\Local\arduino\sketches\3BB409F85BB5789A4E74F8381CE124BA\libraries\SrcWrapper\HAL\stm32yyxx_hal_adc_ex.c.o (symbol from plugin)
HAL_ADCEx_MultiModeConfigChannel                  C:\Users\Danish\AppData\Local\arduino\sketches\3BB409F85BB5789A4E74F8381CE124BA\libraries\SrcWrapper\HAL\stm32yyxx_hal_adc_ex.c.o (symbol from plugin)
HAL_ADCEx_MultiModeGetValue                       C:\Users\Danish\AppData\Local\arduino\sketches\3BB409F85BB5789A4E74F8381CE124BA\libraries\SrcWrapper\HAL\stm32yyxx_hal_adc_ex.c.o (symbol from plugin)
HAL_ADCEx_MultiModeStart_DMA                      C:\Users\Danish\AppData\Local\arduino\sketches\3BB409F85BB5789A4E74F8381CE124BA\libraries\SrcWrapper\HAL\stm32yyxx_hal_adc_ex.c.o (symbol from plugin)
HAL_ADCEx_MultiModeStop_DMA                       C:\Users\Danish\AppData\Local\arduino\sketches\3BB409F85BB5789A4E74F8381CE124BA\libraries\SrcWrapper\HAL\stm32yyxx_hal_adc_ex.c.o (symbol from plugin)
HAL_ADC_AnalogWDGConfig                           C:\Users\Danish\AppData\Local\arduino\sketches\3BB409F85BB5789A4E74F8381CE124BA\libraries\SrcWrapper\HAL\stm32yyxx_hal_adc.c.o (symbol from plugin)
HAL_ADC_ConfigChannel                             C:\Users\Danish\AppData\Local\arduino\sketches\3BB409F85BB5789A4E74F8381CE124BA\libraries\SrcWrapper\HAL\stm32yyxx_hal_adc.c.o (symbol from plugin)
                                                  C:\Users\Danish\AppData\Local\arduino\sketches\3BB409F85BB5789A4E74F8381CE124BA\libraries\SrcWrapper\stm32\analog.cpp.o (symbol from plugin)
HAL_ADC_ConvCpltCallback                          C:\Users\Danish\AppData\Local\arduino\sketches\3BB409F85BB5789A4E74F8381CE124BA\libraries\SrcWrapper\HAL\stm32yyxx_hal_adc.c.o (symbol from plugin)
                                                  C:\Users\Danish\AppData\Local\arduino\sketches\3BB409F85BB5789A4E74F8381CE124BA\libraries\SrcWrapper\HAL\stm32yyxx_hal_adc_ex.c.o (symbol from plugin)
HAL_ADC_ConvHalfCpltCallback                      C:\Users\Danish\AppData\Local\arduino\sketches\3BB409F85BB5789A4E74F8381CE124BA\libraries\SrcWrapper\HAL\stm32yyxx_hal_adc.c.o (symbol from plugin)
                                                  C:\Users\Danish\AppData\Local\arduino\sketches\3BB409F85BB5789A4E74F8381CE124BA\libraries\SrcWrapper\HAL\stm32yyxx_hal_adc_ex.c.o (symbol from plugin)
HAL_ADC_DeInit                                    C:\Users\Danish\AppData\Local\arduino\sketches\3BB409F85BB5789A4E74F8381CE124BA\libraries\SrcWrapper\HAL\stm32yyxx_hal_adc.c.o (symbol from plugin)
                                                  C:\Users\Danish\AppData\Local\arduino\sketches\3BB409F85BB5789A4E74F8381CE124BA\libraries\SrcWrapper\stm32\analog.cpp.o (symbol from plugin)
HAL_ADC_ErrorCallback                             C:\Users\Danish\AppData\Local\arduino\sketches\3BB409F85BB5789A4E74F8381CE124BA\libraries\SrcWrapper\HAL\stm32yyxx_hal_adc.c.o (symbol from plugin)
                                                  C:\Users\Danish\AppData\Local\arduino\sketches\3BB409F85BB5789A4E74F8381CE124BA\libraries\SrcWrapper\HAL\stm32yyxx_hal_adc_ex.c.o (symbol from plugin)
HAL_ADC_GetError                                  C:\Users\Danish\AppData\Local\arduino\sketches\3BB409F85BB5789A4E74F8381CE124BA\libraries\SrcWrapper\HAL\stm32yyxx_hal_adc.c.o (symbol from plugin)
HAL_ADC_GetState                                  C:\Users\Danish\AppData\Local\arduino\sketches\3BB409F85BB5789A4E74F8381CE124BA\libraries\SrcWrapper\HAL\stm32yyxx_hal_adc.c.o (symbol from plugin)
                                                  C:\Users\Danish\AppData\Local\arduino\sketches\3BB409F85BB5789A4E74F8381CE124BA\libraries\SrcWrapper\stm32\analog.cpp.o (symbol from plugin)
HAL_ADC_GetValue                                  C:\Users\Danish\AppData\Local\arduino\sketches\3BB409F85BB5789A4E74F8381CE124BA\libraries\SrcWrapper\HAL\stm32yyxx_hal_adc.c.o (symbol from plugin)
                                                  C:\Users\Danish\AppData\Local\arduino\sketches\3BB409F85BB5789A4E74F8381CE124BA\libraries\SrcWrapper\stm32\analog.cpp.o (symbol from plugin)
HAL_ADC_IRQHandler                                C:\Users\Danish\AppData\Local\arduino\sketches\3BB409F85BB5789A4E74F8381CE124BA\libraries\SrcWrapper\HAL\stm32yyxx_hal_adc.c.o (symbol from plugin)
HAL_ADC_Init                                      C:\Users\Danish\AppData\Local\arduino\sketches\3BB409F85BB5789A4E74F8381CE124BA\libraries\SrcWrapper\HAL\stm32yyxx_hal_adc.c.o (symbol from plugin)
                                                  C:\Users\Danish\AppData\Local\arduino\sketches\3BB409F85BB5789A4E74F8381CE124BA\libraries\SrcWrapper\stm32\analog.cpp.o (symbol from plugin)
HAL_ADC_LevelOutOfWindowCallback                  C:\Users\Danish\AppData\Local\arduino\sketches\3BB409F85BB5789A4E74F8381CE124BA\libraries\SrcWrapper\HAL\stm32yyxx_hal_adc.c.o (symbol from plugin)
HAL_ADC_MspDeInit                                 C:\Users\Danish\AppData\Local\arduino\sketches\3BB409F85BB5789A4E74F8381CE124BA\libraries\SrcWrapper\stm32\analog.cpp.o (symbol from plugin)
                                                  C:\Users\Danish\AppData\Local\arduino\sketches\3BB409F85BB5789A4E74F8381CE124BA\libraries\SrcWrapper\HAL\stm32yyxx_hal_adc.c.o (symbol from plugin)
HAL_ADC_MspInit                                   C:\Users\Danish\AppData\Local\arduino\sketches\3BB409F85BB5789A4E74F8381CE124BA\libraries\SrcWrapper\stm32\analog.cpp.o (symbol from plugin)
                                                  C:\Users\Danish\AppData\Local\arduino\sketches\3BB409F85BB5789A4E74F8381CE124BA\libraries\SrcWrapper\HAL\stm32yyxx_hal_adc.c.o (symbol from plugin)
HAL_ADC_PollForConversion                         C:\Users\Danish\AppData\Local\arduino\sketches\3BB409F85BB5789A4E74F8381CE124BA\libraries\SrcWrapper\HAL\stm32yyxx_hal_adc.c.o (symbol from plugin)
                                                  C:\Users\Danish\AppData\Local\arduino\sketches\3BB409F85BB5789A4E74F8381CE124BA\libraries\SrcWrapper\stm32\analog.cpp.o (symbol from plugin)
HAL_ADC_PollForEvent                              C:\Users\Danish\AppData\Local\arduino\sketches\3BB409F85BB5789A4E74F8381CE124BA\libraries\SrcWrapper\HAL\stm32yyxx_hal_adc.c.o (symbol from plugin)
HAL_ADC_Start                                     C:\Users\Danish\AppData\Local\arduino\sketches\3BB409F85BB5789A4E74F8381CE124BA\libraries\SrcWrapper\HAL\stm32yyxx_hal_adc.c.o (symbol from plugin)
                                                  C:\Users\Danish\AppData\Local\arduino\sketches\3BB409F85BB5789A4E74F8381CE124BA\libraries\SrcWrapper\stm32\analog.cpp.o (symbol from plugin)
HAL_ADC_Start_DMA                                 C:\Users\Danish\AppData\Local\arduino\sketches\3BB409F85BB5789A4E74F8381CE124BA\libraries\SrcWrapper\HAL\stm32yyxx_hal_adc.c.o (symbol from plugin)
HAL_ADC_Start_IT                                  C:\Users\Danish\AppData\Local\arduino\sketches\3BB409F85BB5789A4E74F8381CE124BA\libraries\SrcWrapper\HAL\stm32yyxx_hal_adc.c.o (symbol from plugin)
HAL_ADC_Stop                                      C:\Users\Danish\AppData\Local\arduino\sketches\3BB409F85BB5789A4E74F8381CE124BA\libraries\SrcWrapper\HAL\stm32yyxx_hal_adc.c.o (symbol from plugin)
                                                  C:\Users\Danish\AppData\Local\arduino\sketches\3BB409F85BB5789A4E74F8381CE124BA\libraries\SrcWrapper\stm32\analog.cpp.o (symbol from plugin)
HAL_ADC_Stop_DMA                                  C:\Users\Danish\AppData\Local\arduino\sketches\3BB409F85BB5789A4E74F8381CE124BA\libraries\SrcWrapper\HAL\stm32yyxx_hal_adc.c.o (symbol from plugin)
HAL_ADC_Stop_IT                                   C:\Users\Danish\AppData\Local\arduino\sketches\3BB409F85BB5789A4E74F8381CE124BA\libraries\SrcWrapper\HAL\stm32yyxx_hal_adc.c.o (symbol from plugin)
HAL_CORTEX_ClearEvent                             C:\Users\Danish\AppData\Local\arduino\sketches\3BB409F85BB5789A4E74F8381CE124BA\libraries\SrcWrapper\HAL\stm32yyxx_hal_cortex.c.o (symbol from plugin)
HAL_CRC_Accumulate                                C:\Users\Danish\AppData\Local\arduino\sketches\3BB409F85BB5789A4E74F8381CE124BA\libraries\SrcWrapper\HAL\stm32yyxx_hal_crc.c.o (symbol from plugin)
HAL_CRC_Calculate                                 C:\Users\Danish\AppData\Local\arduino\sketches\3BB409F85BB5789A4E74F8381CE124BA\libraries\SrcWrapper\HAL\stm32yyxx_hal_crc.c.o (symbol from plugin)
HAL_CRC_DeInit                                    C:\Users\Danish\AppData\Local\arduino\sketches\3BB409F85BB5789A4E74F8381CE124BA\libraries\SrcWrapper\HAL\stm32yyxx_hal_crc.c.o (symbol from plugin)
HAL_CRC_GetState                                  C:\Users\Danish\AppData\Local\arduino\sketches\3BB409F85BB5789A4E74F8381CE124BA\libraries\SrcWrapper\HAL\stm32yyxx_hal_crc.c.o (symbol from plugin)
HAL_CRC_Init                                      C:\Users\Danish\AppData\Local\arduino\sketches\3BB409F85BB5789A4E74F8381CE124BA\libraries\SrcWrapper\HAL\stm32yyxx_hal_crc.c.o (symbol from plugin)
                                                  C:\Users\Danish\AppData\Local\arduino\sketches\3BB409F85BB5789A4E74F8381CE124BA\libraries\SrcWrapper\stm32\hw_config.c.o (symbol from plugin)
HAL_CRC_MspDeInit                                 C:\Users\Danish\AppData\Local\arduino\sketches\3BB409F85BB5789A4E74F8381CE124BA\libraries\SrcWrapper\HAL\stm32yyxx_hal_crc.c.o (symbol from plugin)
HAL_CRC_MspInit                                   C:\Users\Danish\AppData\Local\arduino\sketches\3BB409F85BB5789A4E74F8381CE124BA\libraries\SrcWrapper\HAL\stm32yyxx_hal_crc.c.o (symbol from plugin)