
Discarded input sections

 .data          0x00000000        0x0 startup.o
 .bss           0x00000000        0x0 startup.o
 .data          0x00000000        0x0 main.o
 .bss           0x00000000        0x0 main.o

Memory Configuration

Name             Origin             Length             Attributes
FLASH            0x08000000         0x00100000         xr
RAM              0x20000000         0x00020000         xrw
*default*        0x00000000         0xffffffff

Linker script and memory map

LOAD startup.o
LOAD main.o

.vectors        0x08000000       0x40
 *(.vectors)
 .vectors       0x08000000       0x40 startup.o
                0x08000000                vector_table

.text           0x08000040      0x29b
 *(.text*)
 .text          0x08000040       0x10 startup.o
                0x08000040                _start
 .text          0x08000050       0x58 main.o
 .text.startup  0x080000a8      0x1e4 main.o
                0x080000a8                main
 *(.rodata*)
 .rodata.str1.4
                0x0800028c       0x4f main.o
                                 0x53 (size before relaxing)

.glue_7         0x080002dc        0x0
 .glue_7        0x080002dc        0x0 linker stubs

.glue_7t        0x080002dc        0x0
 .glue_7t       0x080002dc        0x0 linker stubs

.vfp11_veneer   0x080002dc        0x0
 .vfp11_veneer  0x080002dc        0x0 linker stubs

.v4_bx          0x080002dc        0x0
 .v4_bx         0x080002dc        0x0 linker stubs

.iplt           0x080002dc        0x0
 .iplt          0x080002dc        0x0 startup.o

.rel.dyn        0x080002dc        0x0
 .rel.iplt      0x080002dc        0x0 startup.o

.data
 *(.data*)

.igot.plt       0x20000000        0x0 load address 0x080002db
 .igot.plt      0x20000000        0x0 startup.o

.bss
 *(.bss*)
OUTPUT(test_firmware.elf elf32-littlearm)
LOAD linker stubs

.debug_info     0x00000000      0x31c
 .debug_info    0x00000000       0x73 startup.o
 .debug_info    0x00000073      0x2a9 main.o

.debug_abbrev   0x00000000      0x1f0
 .debug_abbrev  0x00000000       0x74 startup.o
 .debug_abbrev  0x00000074      0x17c main.o

.debug_aranges  0x00000000       0x48
 .debug_aranges
                0x00000000       0x20 startup.o
 .debug_aranges
                0x00000020       0x28 main.o

.debug_line     0x00000000      0x3c5
 .debug_line    0x00000000       0x40 startup.o
 .debug_line    0x00000040      0x385 main.o

.debug_str      0x00000000       0xf5
 .debug_str     0x00000000       0xf5 startup.o
                                 0xc4 (size before relaxing)
 .debug_str     0x000000f5       0xd7 main.o

.comment        0x00000000       0x39
 .comment       0x00000000       0x39 startup.o
                                 0x3a (size before relaxing)
 .comment       0x00000039       0x3a main.o

.ARM.attributes
                0x00000000       0x2e
 .ARM.attributes
                0x00000000       0x2e startup.o
 .ARM.attributes
                0x0000002e       0x2e main.o

.debug_frame    0x00000000       0x70
 .debug_frame   0x00000000       0x20 startup.o
 .debug_frame   0x00000020       0x50 main.o

.debug_loclists
                0x00000000       0xd4
 .debug_loclists
                0x00000000       0xd4 main.o

.debug_rnglists
                0x00000000       0x62
 .debug_rnglists
                0x00000000       0x62 main.o
